ARM Linker, 4.1 [Build 791] [Standard]

==============================================================================

Section Cross References

    app.o(.text) refers to bsp.o(.text) for BSP_Init
    app.o(.text) refers to cpu_core.o(.text) for CPU_Init
    app.o(.text) refers to lib_mem.o(.text) for Mem_Init
    app.o(.text) refers to lib_math.o(.text) for Math_Init
    app.o(.text) refers to os_core.o(.text) for OSStatInit
    app.o(.text) refers to app_serial.o(.text) for App_SerialInit
    app.o(.text) refers to os_time.o(.text) for OSTimeDlyHMSM
    app.o(.text) refers to bsp_int.o(.text) for BSP_IntDisAll
    app.o(.text) refers to os_task.o(.text) for OSTaskCreateExt
    app.o(.text) refers to app.o(.bss) for .bss
    app_serial.o(.text) refers to serial.o(.text) for Serial_Init
    app_serial.o(.text) refers to printfa.o(i.__0vsprintf) for __c89vsprintf
    app_serial.o(.text) refers to lib_str.o(.text) for Str_Len
    app_serial.o(.text) refers to serial_bsp_stm3240x.o(.data) for SerialDevCfg_STM32_USART3
    app_serial.o(.text) refers to app_serial.o(.data) for .data
    app_serial.o(.text) refers to serial_line_tty.o(.constdata) for SerialLine_TTY
    bsp.o(.text) refers to bsp_int.o(.text) for BSP_IntInit
    bsp.o(.text) refers to stm32f4xx_rcc.o(.text) for RCC_DeInit
    bsp.o(.text) refers to stm32f4xx_flash.o(.text) for FLASH_SetLatency
    bsp.o(.text) refers to bsp_periph.o(.text) for BSP_PeriphEn
    bsp.o(.text) refers to stm32f4xx_gpio.o(.text) for GPIO_Init
    bsp.o(.text) refers to os_cpu_c.o(.text) for OS_CPU_SysTickInit
    bsp.o(.text) refers to cpu_core.o(.text) for CPU_TS_TmrFreqSet
    bsp.o(.text) refers to uldiv.o(.text) for __aeabi_uldivmod
    bsp_int.o(.text) refers to cpu_c.o(.text) for CPU_IntSrcDis
    bsp_int.o(.text) refers to cpu_a.o(.text) for CPU_IntDis
    bsp_int.o(.text) refers to os_core.o(.text) for OSIntEnter
    bsp_int.o(.text) refers to bsp_int.o(.bss) for .bss
    bsp_periph.o(.text) refers to bsp.o(.text) for BSP_CPU_ClkFreq
    cstartup.o(RESET) refers to cstartup.o(STACK) for __initial_sp
    cstartup.o(RESET) refers to cstartup.o(.text) for Reset_Handler
    cstartup.o(RESET) refers to os_cpu_a.o(.text) for OS_CPU_PendSVHandler
    cstartup.o(RESET) refers to os_cpu_c.o(.text) for OS_CPU_SysTickHandler
    cstartup.o(RESET) refers to bsp_int.o(.text) for BSP_IntHandlerWWDG
    cstartup.o(.text) refers to entry.o(.ARM.Collect$$$$00000000) for __main
    bsp_os.o(.text) refers to os_sem.o(.text) for OSSemCreate
    bsp_os.o(.text) refers to os_core.o(.text) for OSEventNameSet
    bsp_os.o(.text) refers to os_time.o(.text) for OSTimeDlyHMSM
    cpu_core.o(.text) refers to cpu_a.o(.text) for CPU_SR_Save
    cpu_core.o(.text) refers to lib_mem.o(.text) for Mem_Clr
    cpu_core.o(.text) refers to bsp.o(.text) for CPU_TS_TmrInit
    cpu_core.o(.text) refers to lib_str.o(.text) for Str_Copy_N
    cpu_core.o(.text) refers to cpu_core.o(.bss) for .bss
    cpu_core.o(.text) refers to cpu_core.o(.data) for .data
    cpu_core.o(.text) refers to cpu_core.o(.constdata) for .constdata
    cpu_c.o(.text) refers to cpu_a.o(.text) for CPU_SR_Save
    lib_math.o(.text) refers to cpu_a.o(.text) for CPU_SR_Save
    lib_math.o(.text) refers to lib_math.o(.data) for .data
    lib_mem.o(.text) refers to lib_mem_a.o(.text) for Mem_Copy
    lib_mem.o(.text) refers to cpu_core.o(.text) for CPU_SW_Exception
    lib_mem.o(.text) refers to cpu_a.o(.text) for CPU_SR_Save
    lib_mem.o(.text) refers to lib_mem.o(.bss) for .bss
    lib_mem.o(.text) refers to lib_mem.o(.data) for .data
    lib_str.o(.text) refers to lib_ascii.o(.text) for ASCII_ToLower
    lib_str.o(.text) refers to lib_str.o(.constdata) for .constdata
    os_core.o(.text) refers to os_cpu_a.o(.text) for OS_CPU_SR_Save
    os_core.o(.text) refers to os_task.o(.text) for OSTaskStkChk
    os_core.o(.text) refers to os_time.o(.text) for OSTimeDly
    os_core.o(.text) refers to os_cpu_c.o(.text) for OSTaskStatHook
    os_core.o(.text) refers to os_core.o(.data) for .data
    os_core.o(.text) refers to os_core.o(.bss) for .bss
    os_core.o(.text) refers to os_flag.o(.text) for OS_FlagInit
    os_core.o(.text) refers to os_mem.o(.text) for OS_MemInit
    os_core.o(.text) refers to os_q.o(.text) for OS_QInit
    os_core.o(.text) refers to os_tmr.o(.text) for OSTmr_Init
    os_core.o(.text) refers to os_dbg.o(.text) for OSDebugInit
    os_core.o(.text) refers to os_core.o(.constdata) for .constdata
    os_flag.o(.text) refers to os_cpu_a.o(.text) for OS_CPU_SR_Save
    os_flag.o(.text) refers to os_core.o(.text) for OS_Sched
    os_flag.o(.text) refers to os_core.o(.data) for OSIntNesting
    os_flag.o(.text) refers to os_core.o(.data) for OSFlagFreeList
    os_flag.o(.text) refers to os_core.o(.bss) for OSFlagTbl
    os_mbox.o(.text) refers to os_cpu_a.o(.text) for OS_CPU_SR_Save
[...]
    ..\\..\\BSP\\ST\\STM32F4xx\\src\\stm32f4xx_gpio.c 0x00000000   Number         0  stm32f4xx_gpio.o ABSOLUTE
    ..\\..\\BSP\\ST\\STM32F4xx\\src\\stm32f4xx_hash.c 0x00000000   Number         0  stm32f4xx_hash.o ABSOLUTE
    ..\\..\\BSP\\ST\\STM32F4xx\\src\\stm32f4xx_hash_md5.c 0x00000000   Number         0  stm32f4xx_hash_md5.o ABSOLUTE
    ..\\..\\BSP\\ST\\STM32F4xx\\src\\stm32f4xx_hash_sha1.c 0x00000000   Number         0  stm32f4xx_hash_sha1.o ABSOLUTE
    ..\\..\\BSP\\ST\\STM32F4xx\\src\\stm32f4xx_i2c.c 0x00000000   Number         0  stm32f4xx_i2c.o ABSOLUTE
    ..\\..\\BSP\\ST\\STM32F4xx\\src\\stm32f4xx_iwdg.c 0x00000000   Number         0  stm32f4xx_iwdg.o ABSOLUTE
    ..\\..\\BSP\\ST\\STM32F4xx\\src\\stm32f4xx_pwr.c 0x00000000   Number         0  stm32f4xx_pwr.o ABSOLUTE
    ..\\..\\BSP\\ST\\STM32F4xx\\src\\stm32f4xx_rcc.c 0x00000000   Number         0  stm32f4xx_rcc.o ABSOLUTE
    ..\\..\\BSP\\ST\\STM32F4xx\\src\\stm32f4xx_rng.c 0x00000000   Number         0  stm32f4xx_rng.o ABSOLUTE
    ..\\..\\BSP\\ST\\STM32F4xx\\src\\stm32f4xx_rtc.c 0x00000000   Number         0  stm32f4xx_rtc.o ABSOLUTE
    ..\\..\\BSP\\ST\\STM32F4xx\\src\\stm32f4xx_sdio.c 0x00000000   Number         0  stm32f4xx_sdio.o ABSOLUTE
    ..\\..\\BSP\\ST\\STM32F4xx\\src\\stm32f4xx_spi.c 0x00000000   Number         0  stm32f4xx_spi.o ABSOLUTE
    ..\\..\\BSP\\ST\\STM32F4xx\\src\\stm32f4xx_syscfg.c 0x00000000   Number         0  stm32f4xx_syscfg.o ABSOLUTE
    ..\\..\\BSP\\ST\\STM32F4xx\\src\\stm32f4xx_tim.c 0x00000000   Number         0  stm32f4xx_tim.o ABSOLUTE
    ..\\..\\BSP\\ST\\STM32F4xx\\src\\stm32f4xx_usart.c 0x00000000   Number         0  stm32f4xx_usart.o ABSOLUTE
    ..\\..\\BSP\\ST\\STM32F4xx\\src\\stm32f4xx_wwdg.c 0x00000000   Number         0  stm32f4xx_wwdg.o ABSOLUTE
    ..\\..\\BSP\\bsp.c                       0x00000000   Number         0  bsp.o ABSOLUTE
    ..\\..\\BSP\\bsp_int.c                   0x00000000   Number         0  bsp_int.o ABSOLUTE
    ..\\..\\BSP\\bsp_periph.c                0x00000000   Number         0  bsp_periph.o ABSOLUTE
    ..\\app.c                                0x00000000   Number         0  app.o ABSOLUTE
    ..\\app_hooks.c                          0x00000000   Number         0  app_hooks.o ABSOLUTE
    ..\\app_serial.c                         0x00000000   Number         0  app_serial.o ABSOLUTE
    ..\app.c                                 0x00000000   Number         0  app.o ABSOLUTE
    ..\app_hooks.c                           0x00000000   Number         0  app_hooks.o ABSOLUTE
    ..\app_serial.c                          0x00000000   Number         0  app_serial.o ABSOLUTE
    cdrcmple.s                               0x00000000   Number         0  cdrcmple.o ABSOLUTE
    dc.s                                     0x00000000   Number         0  dc.o ABSOLUTE
    handlers.s                               0x00000000   Number         0  handlers.o ABSOLUTE
    init.s                                   0x00000000   Number         0  init.o ABSOLUTE
    RESET                                    0x08000000   Section      392  cstartup.o(RESET)
    .ARM.Collect$$$$00000000                 0x08000188   Section        0  entry.o(.ARM.Collect$$$$00000000)
    .ARM.Collect$$$$00000001                 0x08000188   Section        4  entry2.o(.ARM.Collect$$$$00000001)
    .ARM.Collect$$$$00000004                 0x0800018c   Section        4  entry5.o(.ARM.Collect$$$$00000004)
    .ARM.Collect$$$$00000008                 0x08000190   Section        0  entry7b.o(.ARM.Collect$$$$00000008)
    .ARM.Collect$$$$00000009                 0x08000190   Section        8  entry8.o(.ARM.Collect$$$$00000009)
    .ARM.Collect$$$$00002712                 0x08000198   Section        4  entry2.o(.ARM.Collect$$$$00002712)
    __lit__00000000                          0x08000198   Data           4  entry2.o(.ARM.Collect$$$$00002712)
    .text                                    0x0800019c   Section        0  app.o(.text)
    AppTaskStart                             0x0800019d   Thumb Code    70  app.o(.text)
    .text                                    0x0800027c   Section        0  app_hooks.o(.text)
    .text                                    0x0800028c   Section        0  app_serial.o(.text)
    .text                                    0x08000378   Section        0  bsp.o(.text)
    .text                                    0x08000624   Section        0  bsp_int.o(.text)
    BSP_IntHandlerDummy                      0x0800068b   Thumb Code     2  bsp_int.o(.text)
    BSP_IntHandler                           0x0800088d   Thumb Code    42  bsp_int.o(.text)
    .text                                    0x080008c0   Section        0  bsp_periph.o(.text)
    .text                                    0x08000b38   Section       24  cstartup.o(.text)
    $v0                                      0x08000b38   Number         0  cstartup.o(.text)
    .text                                    0x08000b50   Section        0  cpu_core.o(.text)
    .text                                    0x08000d0c   Section       52  cpu_a.o(.text)
    $v0                                      0x08000d0c   Number         0  cpu_a.o(.text)
    .text                                    0x08000d40   Section        0  cpu_c.o(.text)
    .text                                    0x080010cc   Section        0  lib_ascii.o(.text)
    .text                                    0x08001228   Section        0  lib_math.o(.text)
    .text                                    0x08001278   Section        0  lib_mem.o(.text)
    Mem_SegAlloc                             0x08001409   Thumb Code    52  lib_mem.o(.text)
    Mem_SegCalcTotSize                       0x0800143d   Thumb Code   108  lib_mem.o(.text)
    Mem_PoolBlkIsValidAddr                   0x080019ed   Thumb Code    76  lib_mem.o(.text)
    .text                                    0x08001bc8   Section        0  lib_str.o(.text)
    Str_FmtNbr_Int32                         0x08001e6b   Thumb Code   340  lib_str.o(.text)
    Str_ParseNbr_Int32                       0x08002009   Thumb Code   322  lib_str.o(.text)
    .text                                    0x08002184   Section      544  lib_mem_a.o(.text)
    $v0                                      0x08002184   Number         0  lib_mem_a.o(.text)
    .text                                    0x080023a4   Section        0  os_core.o(.text)
    OS_SchedNew                              0x08002c71   Thumb Code    24  os_core.o(.text)
    OS_InitEventList                         0x08002c89   Thumb Code    82  os_core.o(.text)
    OS_InitTCBList                           0x08002cdb   Thumb Code   102  os_core.o(.text)
    OS_InitMisc                              0x08002d41   Thumb Code    30  os_core.o(.text)
    .text                                    0x08002d74   Section        0  os_flag.o(.text)
    OS_FlagTaskRdy                           0x08002e7d   Thumb Code    80  os_flag.o(.text)
    OS_FlagBlock                             0x08002fff   Thumb Code    98  os_flag.o(.text)
    .text                                    0x08003324   Section        0  os_mem.o(.text)
    .text                                    0x080034b8   Section        0  os_q.o(.text)
    .text                                    0x080039d4   Section        0  os_sem.o(.text)
    .text                                    0x08003ce4   Section        0  os_task.o(.text)
    .text                                    0x08004424   Section        0  os_time.o(.text)
    .text                                    0x08004598   Section        0  os_tmr.o(.text)
    OSTmr_Free                               0x08004621   Thumb Code    50  os_tmr.o(.text)
    OSTmr_Unlink                             0x08004653   Thumb Code    58  os_tmr.o(.text)
    OSTmr_Link                               0x0800480b   Thumb Code    64  os_tmr.o(.text)
    OSTmr_Task                               0x08004941   Thumb Code   138  os_tmr.o(.text)
    .text                                    0x08004af4   Section      176  os_cpu_a.o(.text)
    $v0                                      0x08004af4   Number         0  os_cpu_a.o(.text)
    .text                                    0x08004ba4   Section        0  os_cpu_c.o(.text)
    .text                                    0x08004cc0   Section        0  os_dbg.o(.text)
    .text                                    0x08004cc2   Section        0  serial_drv_stm32.o(.text)
    SerialDrv_Init                           0x08004cc3   Thumb Code     6  serial_drv_stm32.o(.text)
    SerialDrv_Open                           0x08004cc9   Thumb Code   254  serial_drv_stm32.o(.text)
    SerialDrv_Close                          0x08004dc7   Thumb Code    34  serial_drv_stm32.o(.text)
    SerialDrv_RxStart                        0x08004de9   Thumb Code    18  serial_drv_stm32.o(.text)
    SerialDrv_RxStop                         0x08004dfb   Thumb Code    18  serial_drv_stm32.o(.text)
    SerialDrv_RxOctet                        0x08004e0d   Thumb Code    24  serial_drv_stm32.o(.text)
    SerialDrv_TxStart                        0x08004e25   Thumb Code    18  serial_drv_stm32.o(.text)
    SerialDrv_TxStop                         0x08004e37   Thumb Code    18  serial_drv_stm32.o(.text)
    SerialDrv_TxOctet                        0x08004e49   Thumb Code    22  serial_drv_stm32.o(.text)
    SerialDrv_ISR_Handler                    0x08004e5f   Thumb Code    66  serial_drv_stm32.o(.text)
    .text                                    0x08004ea0   Section        0  serial_bsp_stm3240x.o(.text)
    SerialBSP_STM32_USART1_ClkEn             0x08004ea1   Thumb Code     6  serial_bsp_stm3240x.o(.text)
    SerialBSP_STM32_USART2_ClkEn             0x08004ea7   Thumb Code     6  serial_bsp_stm3240x.o(.text)
    SerialBSP_STM32_USART3_ClkEn             0x08004ead   Thumb Code    18  serial_bsp_stm3240x.o(.text)
    SerialBSP_STM32_USART4_ClkEn             0x08004ebf   Thumb Code     6  serial_bsp_stm3240x.o(.text)
    SerialBSP_STM32_USART5_ClkEn             0x08004ec5   Thumb Code     6  serial_bsp_stm3240x.o(.text)
    SerialBSP_STM32_USART6_ClkEn             0x08004ecb   Thumb Code     6  serial_bsp_stm3240x.o(.text)
    SerialBSP_STM32_USART1_ClkDis            0x08004ed1   Thumb Code     6  serial_bsp_stm3240x.o(.text)
    SerialBSP_STM32_USART2_ClkDis            0x08004ed7   Thumb Code     6  serial_bsp_stm3240x.o(.text)
    SerialBSP_STM32_USART3_ClkDis            0x08004edd   Thumb Code    16  serial_bsp_stm3240x.o(.text)
    SerialBSP_STM32_USART4_ClkDis            0x08004eed   Thumb Code     6  serial_bsp_stm3240x.o(.text)
    SerialBSP_STM32_USART5_ClkDis            0x08004ef3   Thumb Code     6  serial_bsp_stm3240x.o(.text)
    SerialBSP_STM32_USART6_ClkDis            0x08004ef9   Thumb Code     6  serial_bsp_stm3240x.o(.text)
    SerialBSP_STM32_USART1_CfgGPIO           0x08004eff   Thumb Code    14  serial_bsp_stm3240x.o(.text)
    SerialBSP_STM32_USART2_CfgGPIO           0x08004f0d   Thumb Code    14  serial_bsp_stm3240x.o(.text)
    SerialBSP_STM32_USART3_CfgGPIO           0x08004f1b   Thumb Code    96  serial_bsp_stm3240x.o(.text)
    SerialBSP_STM32_USART4_CfgGPIO           0x08004f7b   Thumb Code    14  serial_bsp_stm3240x.o(.text)
    SerialBSP_STM32_USART5_CfgGPIO           0x08004f89   Thumb Code    14  serial_bsp_stm3240x.o(.text)
    SerialBSP_STM32_USART6_CfgGPIO           0x08004f97   Thumb Code    14  serial_bsp_stm3240x.o(.text)
    SerialBSP_STM32_USART1_IntHandler        0x08004fa5   Thumb Code    14  serial_bsp_stm3240x.o(.text)
    SerialBSP_STM32_USART1_CfgInt            0x08004fb3   Thumb Code    28  serial_bsp_stm3240x.o(.text)
    SerialBSP_STM32_USART2_IntHandler        0x08004fcf   Thumb Code    14  serial_bsp_stm3240x.o(.text)
    SerialBSP_STM32_USART2_CfgInt            0x08004fdd   Thumb Code    28  serial_bsp_stm3240x.o(.text)
    SerialBSP_STM32_USART3_IntHandler        0x08004ff9   Thumb Code    14  serial_bsp_stm3240x.o(.text)
    SerialBSP_STM32_USART3_CfgInt            0x08005007   Thumb Code    28  serial_bsp_stm3240x.o(.text)
    SerialBSP_STM32_USART4_IntHandler        0x08005023   Thumb Code    14  serial_bsp_stm3240x.o(.text)
    SerialBSP_STM32_USART4_CfgInt            0x08005031   Thumb Code    28  serial_bsp_stm3240x.o(.text)
    SerialBSP_STM32_USART5_IntHandler        0x0800504d   Thumb Code    14  serial_bsp_stm3240x.o(.text)
    SerialBSP_STM32_USART5_CfgInt            0x0800505b   Thumb Code    28  serial_bsp_stm3240x.o(.text)
    SerialBSP_STM32_USART6_IntHandler        0x08005077   Thumb Code    14  serial_bsp_stm3240x.o(.text)
    SerialBSP_STM32_USART6_CfgInt            0x08005085   Thumb Code    28  serial_bsp_stm3240x.o(.text)
    SerialBSP_STM32_USART1_ClkFreqGet        0x080050a1   Thumb Code     6  serial_bsp_stm3240x.o(.text)
    SerialBSP_STM32_USART2_ClkFreqGet        0x080050a7   Thumb Code     6  serial_bsp_stm3240x.o(.text)
    SerialBSP_STM32_USART3_ClkFreqGet        0x080050ad   Thumb Code     6  serial_bsp_stm3240x.o(.text)
    SerialBSP_STM32_USART4_ClkFreqGet        0x080050b3   Thumb Code     6  serial_bsp_stm3240x.o(.text)
    SerialBSP_STM32_USART5_ClkFreqGet        0x080050b9   Thumb Code     6  serial_bsp_stm3240x.o(.text)
    SerialBSP_STM32_USART6_ClkFreqGet        0x080050bf   Thumb Code     6  serial_bsp_stm3240x.o(.text)
    .text                                    0x080050e4   Section        0  serial_line_dflt.o(.text)
    SerialLine_Open                          0x080050e5   Thumb Code     6  serial_line_dflt.o(.text)
    SerialLine_Close                         0x080050eb   Thumb Code     6  serial_line_dflt.o(.text)
    SerialLine_RdOctet                       0x080050f1   Thumb Code    24  serial_line_dflt.o(.text)
    SerialLine_WrOctet                       0x08005109   Thumb Code    24  serial_line_dflt.o(.text)
    .text                                    0x08005120   Section        0  serial_line_tty.o(.text)
    SerialLine_Open                          0x08005161   Thumb Code    54  serial_line_tty.o(.text)
    SerialLine_Close                         0x08005197   Thumb Code    24  serial_line_tty.o(.text)
    SerialLine_RdOctet                       0x080051af   Thumb Code    90  serial_line_tty.o(.text)
    SerialLine_WrOctet                       0x08005209   Thumb Code    64  serial_line_tty.o(.text)
    .text                                    0x08005250   Section        0  serial_os.o(.text)
    .text                                    0x0800533c   Section        0  serial.o(.text)
    Serial_IF_IsValid                        0x08005529   Thumb Code    52  serial.o(.text)
    Serial_RdEnd                             0x080057f3   Thumb Code   126  serial.o(.text)
    Serial_RdCallback                        0x08005871   Thumb Code    12  serial.o(.text)
    Serial_RdHandler                         0x0800587d   Thumb Code   272  serial.o(.text)
    Serial_WrBufTxStart                      0x08005b6f   Thumb Code    76  serial.o(.text)
    Serial_WrNext                            0x08005bbb   Thumb Code   168  serial.o(.text)
    Serial_WrStart                           0x08005c63   Thumb Code   156  serial.o(.text)
    Serial_WrCallback                        0x08005cff   Thumb Code    12  serial.o(.text)
    Serial_IF_WrClr                          0x08006087   Thumb Code    16  serial.o(.text)
    Serial_IF_Clr                            0x08006097   Thumb Code    34  serial.o(.text)
    Serial_IF_RxReset                        0x080060b9   Thumb Code    38  serial.o(.text)
    Serial_IF_RxStart                        0x080060df   Thumb Code    26  serial.o(.text)
    Serial_WrEnd                             0x080060f9   Thumb Code   150  serial.o(.text)
    Serial_IF_RdClr                          0x0800618f   Thumb Code    18  serial.o(.text)
    .text                                    0x080061a4   Section        0  serial_buf.o(.text)
    .text                                    0x08006320   Section        0  stm32f4xx_flash.o(.text)
    .text                                    0x080066b0   Section        0  stm32f4xx_gpio.o(.text)
    .text                                    0x08006898   Section        0  stm32f4xx_rcc.o(.text)
    .text                                    0x08006c74   Section        0  uldiv.o(.text)
    .text                                    0x08006cd6   Section        0  uidiv.o(.text)
    .text                                    0x08006d02   Section        0  llshl.o(.text)
    .text                                    0x08006d20   Section        0  llushr.o(.text)
    .text                                    0x08006d40   Section        0  dadd.o(.text)
    .text                                    0x08006d40   Section        0  iusefp.o(.text)
    .text                                    0x08006e8c   Section        0  dmul.o(.text)
    .text                                    0x08006f6c   Section        0  ddiv.o(.text)
    .text                                    0x0800704a   Section        0  dfixul.o(.text)
    .text                                    0x0800707c   Section       40  cdrcmple.o(.text)
    .text                                    0x080070a4   Section       36  init.o(.text)
    .text                                    0x080070c8   Section        0  llsshr.o(.text)
    .text                                    0x080070ec   Section        0  depilogue.o(.text)
    i.__0vsprintf                            0x080071ac   Section        0  printfa.o(i.__0vsprintf)
    i.__scatterload_copy                     0x080071cc   Section       14  handlers.o(i.__scatterload_copy)
    i.__scatterload_null                     0x080071da   Section        2  handlers.o(i.__scatterload_null)
    i.__scatterload_zeroinit                 0x080071dc   Section       14  handlers.o(i.__scatterload_zeroinit)
    i._fp_digits                             0x080071ec   Section        0  printfa.o(i._fp_digits)
    _fp_digits                               0x080071ed   Thumb Code   320  printfa.o(i._fp_digits)
    i._printf_core                           0x08007340   Section        0  printfa.o(i._printf_core)
    _printf_core                             0x08007341   Thumb Code  1782  printfa.o(i._printf_core)
    i._printf_post_padding                   0x08007a44   Section        0  printfa.o(i._printf_post_padding)
    _printf_post_padding                     0x08007a45   Thumb Code    38  printfa.o(i._printf_post_padding)
    i._printf_pre_padding                    0x08007a6a   Section        0  printfa.o(i._printf_pre_padding)
    _printf_pre_padding                      0x08007a6b   Thumb Code    48  printfa.o(i._printf_pre_padding)
    i._sputc                                 0x08007a9a   Section        0  printfa.o(i._sputc)
    _sputc                                   0x08007a9b   Thumb Code    10  printfa.o(i._sputc)
    .constdata                               0x08007aa4   Section      256  cpu_core.o(.constdata)
    CPU_CntLeadZerosTbl                      0x08007aa4   Data         256  cpu_core.o(.constdata)
    .constdata                               0x08007ba4   Section      148  lib_str.o(.constdata)
    Str_MultOvfThTbl_Int32U                  0x08007ba4   Data         148  lib_str.o(.constdata)
    .constdata                               0x08007c38   Section      256  os_core.o(.constdata)
    .constdata                               0x08007d38   Section       40  serial_drv_stm32.o(.constdata)
    .constdata                               0x08007d60   Section       20  serial_bsp_stm3240x.o(.constdata)
    SerialBSP_STM32_USART3                   0x08007d60   Data          20  serial_bsp_stm3240x.o(.constdata)
    .constdata                               0x08007d74   Section       16  serial_line_dflt.o(.constdata)
    .constdata                               0x08007d84   Section       16  serial_line_tty.o(.constdata)
    .data                                    0x20000000   Section        1  app_serial.o(.data)
    App_SerTraceIF_Nbr                       0x20000000   Data           1  app_serial.o(.data)
    .data                                    0x20000004   Section        4  cpu_core.o(.data)
    .data                                    0x20000008   Section        4  lib_math.o(.data)
    .data                                    0x2000000c   Section        4  lib_mem.o(.data)
    .data                                    0x20000010   Section       60  os_core.o(.data)
    .data                                    0x2000004c   Section        4  os_core.o(.data)
    .data                                    0x20000050   Section        4  os_core.o(.data)
    .data                                    0x20000054   Section        4  os_core.o(.data)
    .data                                    0x20000058   Section        2  os_core.o(.data)
    .data                                    0x2000005a   Section        2  os_core.o(.data)
    .data                                    0x2000005c   Section        4  os_core.o(.data)
    .data                                    0x20000060   Section        4  os_core.o(.data)
    .data                                    0x20000064   Section        4  os_core.o(.data)
    .data                                    0x20000068   Section        4  os_core.o(.data)
    .data                                    0x2000006c   Section        8  os_cpu_c.o(.data)
    OSTmrCtr                                 0x2000006c   Data           2  os_cpu_c.o(.data)
    .data                                    0x20000074   Section       12  serial_bsp_stm3240x.o(.data)
    .data                                    0x20000080   Section       24  serial_bsp_stm3240x.o(.data)
    SerialDev_STM32_USART1_DevPtr            0x20000080   Data           4  serial_bsp_stm3240x.o(.data)
    SerialDev_STM32_USART2_DevPtr            0x20000084   Data           4  serial_bsp_stm3240x.o(.data)
    SerialDev_STM32_USART3_DevPtr            0x20000088   Data           4  serial_bsp_stm3240x.o(.data)
    SerialDev_STM32_USART4_DevPtr            0x2000008c   Data           4  serial_bsp_stm3240x.o(.data)
    SerialDev_STM32_USART5_DevPtr            0x20000090   Data           4  serial_bsp_stm3240x.o(.data)
    SerialDev_STM32_USART6_DevPtr            0x20000094   Data           4  serial_bsp_stm3240x.o(.data)
    .data                                    0x20000098   Section        4  serial_line_tty.o(.data)
    SerialLine_TTY_Info                      0x20000098   Data           4  serial_line_tty.o(.data)
    .data                                    0x2000009c   Section        4  serial_os.o(.data)
    OSEventObjIx                             0x2000009c   Data           4  serial_os.o(.data)
    .data                                    0x200000a0   Section        1  serial.o(.data)
    SerialIF_NbrNext                         0x200000a0   Data           1  serial.o(.data)
    .data                                    0x200000a1   Section       16  stm32f4xx_rcc.o(.data)
    APBAHBPrescTable                         0x200000a1   Data          16  stm32f4xx_rcc.o(.data)
    .bss                                     0x200000b4   Section     1024  app.o(.bss)
    AppTaskStartStk                          0x200000b4   Data        1024  app.o(.bss)
    .bss                                     0x200004b4   Section      328  bsp_int.o(.bss)
    BSP_IntVectTbl                           0x200004b4   Data         328  bsp_int.o(.bss)
    .bss                                     0x200005fc   Section       16  cpu_core.o(.bss)
    .bss                                     0x2000060c   Section    23624  lib_mem.o(.bss)
    .bss                                     0x20006254   Section     5136  os_core.o(.bss)
    .bss                                     0x20007664   Section       80  os_core.o(.bss)
    .bss                                     0x200076b4   Section      120  os_core.o(.bss)
    .bss                                     0x2000772c   Section       96  os_core.o(.bss)
    .bss                                     0x2000778c   Section      640  os_core.o(.bss)
    .bss                                     0x20007a0c   Section      512  os_core.o(.bss)
    .bss                                     0x20007c0c   Section       64  os_core.o(.bss)
    .bss                                     0x20007c4c   Section      512  os_cpu_c.o(.bss)
    .bss                                     0x20007e4c   Section       40  serial_os.o(.bss)
    OSEventObj                               0x20007e4c   Data          40  serial_os.o(.bss)
    .bss                                     0x20007e74   Section      480  serial.o(.bss)
    Serial_IF_Tbl                            0x20007e74   Data         480  serial.o(.bss)
    STACK                                    0x20008058   Section      512  cstartup.o(STACK)

    Global Symbols

    Symbol Name                              Value     Ov Type        Size  Object(Section)

    BuildAttributes$$THM_ISAv4$E$P$D$K$B$S$7EM$VFPi3$EXTD16$VFPS$VFMA$PE$A:L22UL41UL21$X:L11$S22US41US21$IEEE1$IW$USESV6$~STKCKD$USESV7$~SHL$OSPACE$ROPI$EBA8$MICROLIB$REQ8$PRES8$EABIv2 0x00000000   Number         0  anon$$obj.o ABSOLUTE
    __ARM_use_no_argv                        0x00000000   Number         0  app.o ABSOLUTE
    __decompress                              - Undefined Weak Reference
    _clock_init                               - Undefined Weak Reference
    __Vectors                                0x08000000   Data           4  cstartup.o(RESET)
    __main                                   0x08000189   Thumb Code     0  entry.o(.ARM.Collect$$$$00000000)
    _main_stk                                0x08000189   Thumb Code     0  entry2.o(.ARM.Collect$$$$00000001)
    _main_scatterload                        0x0800018d   Thumb Code     0  entry5.o(.ARM.Collect$$$$00000004)
    __main_after_scatterload                 0x08000191   Thumb Code     0  entry5.o(.ARM.Collect$$$$00000004)
    _main_clock                              0x08000191   Thumb Code     0  entry7b.o(.ARM.Collect$$$$00000008)
    _main_init                               0x08000191   Thumb Code     0  entry8.o(.ARM.Collect$$$$00000009)
    main                                     0x080001e3   Thumb Code    66  app.o(.text)
    App_TaskCreateHook                       0x0800027d   Thumb Code     2  app_hooks.o(.text)
    App_TaskDelHook                          0x0800027f   Thumb Code     2  app_hooks.o(.text)
    App_TaskIdleHook                         0x08000281   Thumb Code     2  app_hooks.o(.text)
    App_TaskStatHook                         0x08000283   Thumb Code     2  app_hooks.o(.text)
    App_TaskReturnHook                       0x08000285   Thumb Code     2  app_hooks.o(.text)
    App_TaskSwHook                           0x08000287   Thumb Code     2  app_hooks.o(.text)
    App_TCBInitHook                          0x08000289   Thumb Code     2  app_hooks.o(.text)
    App_TimeTickHook                         0x0800028b   Thumb Code     2  app_hooks.o(.text)
    App_SerialInit                           0x0800028d   Thumb Code   112  app_serial.o(.text)
    App_SerPrintf                            0x080002fd   Thumb Code    46  app_serial.o(.text)
    App_SerStrRd                             0x0800032b   Thumb Code    22  app_serial.o(.text)
    App_SerStrWr                             0x08000341   Thumb Code    30  app_serial.o(.text)
    BSP_Init                                 0x08000379   Thumb Code   184  bsp.o(.text)
    BSP_CPU_ClkFreq                          0x08000431   Thumb Code    14  bsp.o(.text)
    BSP_Tick_Init                            0x0800043f   Thumb Code    22  bsp.o(.text)
    BSP_LED_On                               0x08000455   Thumb Code    72  bsp.o(.text)
    BSP_LED_Off                              0x0800049d   Thumb Code    72  bsp.o(.text)
    BSP_LED_Toggle                           0x080004e5   Thumb Code   216  bsp.o(.text)
    CPU_TS_TmrInit                           0x080005bd   Thumb Code    38  bsp.o(.text)
    CPU_TS_TmrRd                             0x080005e3   Thumb Code     6  bsp.o(.text)
    CPU_TS32_to_uSec                         0x080005e9   Thumb Code    34  bsp.o(.text)
    BSP_IntClr                               0x08000625   Thumb Code     2  bsp_int.o(.text)
    BSP_IntDis                               0x08000627   Thumb Code    14  bsp_int.o(.text)
    BSP_IntDisAll                            0x08000635   Thumb Code     4  bsp_int.o(.text)
    BSP_IntEn                                0x08000639   Thumb Code    14  bsp_int.o(.text)
    BSP_IntVectSet                           0x08000647   Thumb Code    30  bsp_int.o(.text)
    BSP_IntPrioSet                           0x08000665   Thumb Code    38  bsp_int.o(.text)
    BSP_IntInit                              0x0800068d   Thumb Code    20  bsp_int.o(.text)
    BSP_IntHandlerWWDG                       0x080006a1   Thumb Code     6  bsp_int.o(.text)
    BSP_IntHandlerPVD                        0x080006a7   Thumb Code     6  bsp_int.o(.text)
    BSP_IntHandlerTAMP_STAMP                 0x080006ad   Thumb Code     6  bsp_int.o(.text)
    BSP_IntHandlerRTC_WKUP                   0x080006b3   Thumb Code     6  bsp_int.o(.text)
    BSP_IntHandlerFLASH                      0x080006b9   Thumb Code     6  bsp_int.o(.text)
    BSP_IntHandlerRCC                        0x080006bf   Thumb Code     6  bsp_int.o(.text)
    BSP_IntHandlerEXTI0                      0x080006c5   Thumb Code     6  bsp_int.o(.text)
    BSP_IntHandlerEXTI1                      0x080006cb   Thumb Code     6  bsp_int.o(.text)
    BSP_IntHandlerEXTI2                      0x080006d1   Thumb Code     6  bsp_int.o(.text)
    BSP_IntHandlerEXTI3                      0x080006d7   Thumb Code     6  bsp_int.o(.text)
    BSP_IntHandlerEXTI4                      0x080006dd   Thumb Code     6  bsp_int.o(.text)
    BSP_IntHandlerDMA1_CH0                   0x080006e3   Thumb Code     6  bsp_int.o(.text)
    BSP_IntHandlerDMA1_CH1                   0x080006e9   Thumb Code     6  bsp_int.o(.text)
    BSP_IntHandlerDMA1_CH2                   0x080006ef   Thumb Code     6  bsp_int.o(.text)
    BSP_IntHandlerDMA1_CH3                   0x080006f5   Thumb Code     6  bsp_int.o(.text)
    BSP_IntHandlerDMA1_CH4                   0x080006fb   Thumb Code     6  bsp_int.o(.text)
    BSP_IntHandlerDMA1_CH5                   0x08000701   Thumb Code     6  bsp_int.o(.text)
    BSP_IntHandlerDMA1_CH6                   0x08000707   Thumb Code     6  bsp_int.o(.text)
    BSP_IntHandlerADC                        0x0800070d   Thumb Code     6  bsp_int.o(.text)
    BSP_IntHandlerCAN1_TX                    0x08000713   Thumb Code     6  bsp_int.o(.text)
    BSP_IntHandlerCAN1_RX0                   0x08000719   Thumb Code     6  bsp_int.o(.text)
    BSP_IntHandlerCAN1_RX1                   0x0800071f   Thumb Code     6  bsp_int.o(.text)
    BSP_IntHandlerCAN1_SCE                   0x08000725   Thumb Code     6  bsp_int.o(.text)
    BSP_IntHandlerEXTI9_5                    0x0800072b   Thumb Code     6  bsp_int.o(.text)
    BSP_IntHandlerTIM1_BRK_TIM9              0x08000731   Thumb Code     6  bsp_int.o(.text)
    BSP_IntHandlerTIM1_UP_TIM10              0x08000737   Thumb Code     6  bsp_int.o(.text)
    BSP_IntHandlerTIM1_TRG_COM_TIM11         0x0800073d   Thumb Code     6  bsp_int.o(.text)
    BSP_IntHandlerTIM1_CC                    0x08000743   Thumb Code     6  bsp_int.o(.text)
    BSP_IntHandlerTIM2                       0x08000749   Thumb Code     6  bsp_int.o(.text)
    BSP_IntHandlerTIM3                       0x0800074f   Thumb Code     6  bsp_int.o(.text)
    BSP_IntHandlerTIM4                       0x08000755   Thumb Code     6  bsp_int.o(.text)
    BSP_IntHandlerI2C1_EV                    0x0800075b   Thumb Code     6  bsp_int.o(.text)
    BSP_IntHandlerI2C1_ER                    0x08000761   Thumb Code     6  bsp_int.o(.text)
    BSP_IntHandlerI2C2_EV                    0x08000767   Thumb Code     6  bsp_int.o(.text)
    BSP_IntHandlerI2C2_ER                    0x0800076d   Thumb Code     6  bsp_int.o(.text)
    BSP_IntHandlerSPI1                       0x08000773   Thumb Code     6  bsp_int.o(.text)
    BSP_IntHandlerSPI2                       0x08000779   Thumb Code     6  bsp_int.o(.text)
    BSP_IntHandlerUSART1                     0x0800077f   Thumb Code     6  bsp_int.o(.text)
    BSP_IntHandlerUSART2                     0x08000785   Thumb Code     6  bsp_int.o(.text)
    BSP_IntHandlerUSART3                     0x0800078b   Thumb Code     6  bsp_int.o(.text)
    BSP_IntHandlerEXTI15_10                  0x08000791   Thumb Code     6  bsp_int.o(.text)
    BSP_IntHandlerRTCAlarm                   0x08000797   Thumb Code     6  bsp_int.o(.text)
    BSP_IntHandlerOTG_FS_WKUP                0x0800079d   Thumb Code     6  bsp_int.o(.text)
    BSP_IntHandlerTIM8_BRK_TIM12             0x080007a3   Thumb Code     6  bsp_int.o(.text)
    BSP_IntHandlerTIM8_UP_TIM13              0x080007a9   Thumb Code     6  bsp_int.o(.text)
    BSP_IntHandlerTIM8_TRG_COM_TIM14         0x080007af   Thumb Code     6  bsp_int.o(.text)
    BSP_IntHandlerTIM8_CC                    0x080007b5   Thumb Code     6  bsp_int.o(.text)
    BSP_IntHandlerDMA1_STREAM7               0x080007bb   Thumb Code     6  bsp_int.o(.text)
    BSP_IntHandlerFSMC                       0x080007c1   Thumb Code     6  bsp_int.o(.text)
    BSP_IntHandlerSDIO                       0x080007c7   Thumb Code     6  bsp_int.o(.text)
    BSP_IntHandlerTIM5                       0x080007cd   Thumb Code     6  bsp_int.o(.text)
    BSP_IntHandlerSPI3                       0x080007d3   Thumb Code     6  bsp_int.o(.text)
    BSP_IntHandlerUSART4                     0x080007d9   Thumb Code     6  bsp_int.o(.text)
    BSP_IntHandlerUSART5                     0x080007df   Thumb Code     6  bsp_int.o(.text)
    BSP_IntHandlerTIM6_DAC                   0x080007e5   Thumb Code     6  bsp_int.o(.text)
    BSP_IntHandlerTIM7                       0x080007eb   Thumb Code     6  bsp_int.o(.text)
    BSP_IntHandlerDMA2_CH0                   0x080007f1   Thumb Code     6  bsp_int.o(.text)
    BSP_IntHandlerDMA2_CH1                   0x080007f7   Thumb Code     6  bsp_int.o(.text)
    BSP_IntHandlerDMA2_CH2                   0x080007fd   Thumb Code     6  bsp_int.o(.text)
    BSP_IntHandlerDMA2_CH3                   0x08000803   Thumb Code     6  bsp_int.o(.text)
    BSP_IntHandlerDMA2_CH4                   0x08000809   Thumb Code     6  bsp_int.o(.text)
    BSP_IntHandlerETH                        0x0800080f   Thumb Code     6  bsp_int.o(.text)
    BSP_IntHandlerETHWakeup                  0x08000815   Thumb Code     6  bsp_int.o(.text)
    BSP_IntHandlerCAN2_TX                    0x0800081b   Thumb Code     6  bsp_int.o(.text)
    BSP_IntHandlerCAN2_RX0                   0x08000821   Thumb Code     6  bsp_int.o(.text)
    BSP_IntHandlerCAN2_RX1                   0x08000827   Thumb Code     6  bsp_int.o(.text)
    BSP_IntHandlerCAN2_SCE                   0x0800082d   Thumb Code     6  bsp_int.o(.text)
    BSP_IntHandlerOTG_FS                     0x08000833   Thumb Code     6  bsp_int.o(.text)
    BSP_IntHandlerDMA2_CH5                   0x08000839   Thumb Code     6  bsp_int.o(.text)
    BSP_IntHandlerDMA2_CH6                   0x0800083f   Thumb Code     6  bsp_int.o(.text)
    BSP_IntHandlerDMA2_CH7                   0x08000845   Thumb Code     6  bsp_int.o(.text)
    BSP_IntHandlerUSART6                     0x0800084b   Thumb Code     6  bsp_int.o(.text)
    BSP_IntHandlerI2C3_EV                    0x08000851   Thumb Code     6  bsp_int.o(.text)
    BSP_IntHandlerI2C3_ER                    0x08000857   Thumb Code     6  bsp_int.o(.text)
    BSP_IntHandlerOTG_HS_EP1_OUT             0x0800085d   Thumb Code     6  bsp_int.o(.text)
    BSP_IntHandlerOTG_HS_EP1_IN              0x08000863   Thumb Code     6  bsp_int.o(.text)
    BSP_IntHandlerOTG_HS_WKUP                0x08000869   Thumb Code     6  bsp_int.o(.text)
    BSP_IntHandlerOTG_HS                     0x0800086f   Thumb Code     6  bsp_int.o(.text)
    BSP_IntHandlerDCMI                       0x08000875   Thumb Code     6  bsp_int.o(.text)
    BSP_IntHandlerCRYP                       0x0800087b   Thumb Code     6  bsp_int.o(.text)
    BSP_IntHandlerHASH_RNG                   0x08000881   Thumb Code     6  bsp_int.o(.text)
    BSP_IntHandlerFPU                        0x08000887   Thumb Code     6  bsp_int.o(.text)
    BSP_PeriphClkFreqGet                     0x080008c1   Thumb Code   184  bsp_periph.o(.text)
    BSP_PeriphEn                             0x08000979   Thumb Code   222  bsp_periph.o(.text)
    BSP_PeriphDis                            0x08000a57   Thumb Code   222  bsp_periph.o(.text)
    Reset_Handler                            0x08000b39   Thumb Code     4  cstartup.o(.text)
    App_NMI_ISR                              0x08000b3d   Thumb Code     2  cstartup.o(.text)
    App_Fault_ISR                            0x08000b3f   Thumb Code     2  cstartup.o(.text)
    App_MemFault_ISR                         0x08000b41   Thumb Code     2  cstartup.o(.text)
    App_BusFault_ISR                         0x08000b43   Thumb Code     2  cstartup.o(.text)
    App_UsageFault_ISR                       0x08000b45   Thumb Code     2  cstartup.o(.text)
    App_Spurious_ISR                         0x08000b47   Thumb Code     2  cstartup.o(.text)
    App_Reserved_ISR                         0x08000b49   Thumb Code     2  cstartup.o(.text)
    CPU_NameClr                              0x08000b51   Thumb Code    26  cpu_core.o(.text)
    CPU_Init                                 0x08000b6b   Thumb Code    18  cpu_core.o(.text)
    CPU_SW_Exception                         0x08000b7d   Thumb Code     2  cpu_core.o(.text)
    CPU_NameGet                              0x08000b7f   Thumb Code    46  cpu_core.o(.text)
    CPU_NameSet                              0x08000bad   Thumb Code    62  cpu_core.o(.text)
    CPU_TS_Get32                             0x08000beb   Thumb Code     4  cpu_core.o(.text)
    CPU_TS_Update                            0x08000bef   Thumb Code     2  cpu_core.o(.text)
    CPU_TS_TmrFreqGet                        0x08000bf1   Thumb Code    24  cpu_core.o(.text)
    CPU_TS_TmrFreqSet                        0x08000c09   Thumb Code     6  cpu_core.o(.text)
    CPU_CntLeadZeros08                       0x08000c0f   Thumb Code    10  cpu_core.o(.text)
    CPU_CntLeadZeros16                       0x08000c19   Thumb Code    10  cpu_core.o(.text)
    CPU_CntLeadZeros32                       0x08000c23   Thumb Code     4  cpu_core.o(.text)
    CPU_CntLeadZeros64                       0x08000c27   Thumb Code   152  cpu_core.o(.text)
    CPU_CntTrailZeros08                      0x08000cbf   Thumb Code    10  cpu_core.o(.text)
    CPU_CntTrailZeros16                      0x08000cc9   Thumb Code    10  cpu_core.o(.text)
    CPU_CntTrailZeros32                      0x08000cd3   Thumb Code    10  cpu_core.o(.text)
    CPU_CntTrailZeros64                      0x08000cdd   Thumb Code    36  cpu_core.o(.text)
    CPU_IntDis                               0x08000d0d   Thumb Code     0  cpu_a.o(.text)
    CPU_IntEn                                0x08000d11   Thumb Code     0  cpu_a.o(.text)
    CPU_SR_Save                              0x08000d15   Thumb Code     0  cpu_a.o(.text)
    CPU_SR_Restore                           0x08000d1d   Thumb Code     0  cpu_a.o(.text)
    CPU_WaitForInt                           0x08000d23   Thumb Code     0  cpu_a.o(.text)
    CPU_WaitForExcept                        0x08000d27   Thumb Code     0  cpu_a.o(.text)
    CPU_CntLeadZeros                         0x08000d2b   Thumb Code     0  cpu_a.o(.text)
    CPU_CntTrailZeros                        0x08000d31   Thumb Code     0  cpu_a.o(.text)
    CPU_RevBits                              0x08000d3b   Thumb Code     0  cpu_a.o(.text)
    CPU_BitBandClr                           0x08000d41   Thumb Code    44  cpu_c.o(.text)
    CPU_BitBandSet                           0x08000d6d   Thumb Code    44  cpu_c.o(.text)
    CPU_IntSrcDis                            0x08000d99   Thumb Code   144  cpu_c.o(.text)
    CPU_IntSrcEn                             0x08000e29   Thumb Code   144  cpu_c.o(.text)
    CPU_IntSrcPendClr                        0x08000eb9   Thumb Code    70  cpu_c.o(.text)
    CPU_IntSrcPrioSet                        0x08000eff   Thumb Code   240  cpu_c.o(.text)
    CPU_IntSrcPrioGet                        0x08000fef   Thumb Code   208  cpu_c.o(.text)
    ASCII_IsAlpha                            0x080010cd   Thumb Code    22  lib_ascii.o(.text)
    ASCII_IsAlphaNum                         0x080010e3   Thumb Code    28  lib_ascii.o(.text)
    ASCII_IsLower                            0x080010ff   Thumb Code    14  lib_ascii.o(.text)
    ASCII_IsUpper                            0x0800110d   Thumb Code    14  lib_ascii.o(.text)
    ASCII_IsDig                              0x0800111b   Thumb Code    14  lib_ascii.o(.text)
    ASCII_IsDigOct                           0x08001129   Thumb Code    14  lib_ascii.o(.text)
    ASCII_IsDigHex                           0x08001137   Thumb Code    28  lib_ascii.o(.text)
    ASCII_IsBlank                            0x08001153   Thumb Code    16  lib_ascii.o(.text)
    ASCII_IsSpace                            0x08001163   Thumb Code    32  lib_ascii.o(.text)
    ASCII_IsPrint                            0x08001183   Thumb Code    14  lib_ascii.o(.text)
    ASCII_IsGraph                            0x08001191   Thumb Code    14  lib_ascii.o(.text)
    ASCII_IsPunct                            0x0800119f   Thumb Code    58  lib_ascii.o(.text)
    ASCII_IsCtrl                             0x080011d9   Thumb Code    22  lib_ascii.o(.text)
    ASCII_ToLower                            0x080011ef   Thumb Code    14  lib_ascii.o(.text)
    ASCII_ToUpper                            0x080011fd   Thumb Code    14  lib_ascii.o(.text)
    ASCII_Cmp                                0x0800120b   Thumb Code    28  lib_ascii.o(.text)
    Math_RandSetSeed                         0x08001229   Thumb Code    20  lib_math.o(.text)
    Math_Init                                0x0800123d   Thumb Code     4  lib_math.o(.text)
    Math_RandSeed                            0x08001241   Thumb Code    16  lib_math.o(.text)
    Math_Rand                                0x08001251   Thumb Code    30  lib_math.o(.text)
    Mem_Init                                 0x08001279   Thumb Code    52  lib_mem.o(.text)
    Mem_Set                                  0x080012ad   Thumb Code    76  lib_mem.o(.text)
    Mem_Clr                                  0x080012f9   Thumb Code     6  lib_mem.o(.text)
    Mem_Move                                 0x080012ff   Thumb Code   132  lib_mem.o(.text)
    Mem_Cmp                                  0x08001383   Thumb Code   134  lib_mem.o(.text)
    Mem_HeapAlloc                            0x080014a9   Thumb Code   160  lib_mem.o(.text)
    Mem_SegGetSizeRem                        0x08001549   Thumb Code   120  lib_mem.o(.text)
    Mem_HeapGetSizeRem                       0x080015c1   Thumb Code     8  lib_mem.o(.text)
    Mem_PoolClr                              0x080015c9   Thumb Code    68  lib_mem.o(.text)
    Mem_PoolCreate                           0x0800160d   Thumb Code   700  lib_mem.o(.text)
    Mem_PoolBlkGetNbrAvail                   0x080018c9   Thumb Code    64  lib_mem.o(.text)
    Mem_PoolBlkGet                           0x08001909   Thumb Code   126  lib_mem.o(.text)
    Mem_PoolBlkGetUsedAtIx                   0x08001987   Thumb Code   102  lib_mem.o(.text)
    Mem_PoolBlkFree                          0x08001a39   Thumb Code   208  lib_mem.o(.text)
    Mem_PoolBlkIxGet                         0x08001b09   Thumb Code   186  lib_mem.o(.text)
    Str_Len_N                                0x08001bc9   Thumb Code    22  lib_str.o(.text)
    Str_Len                                  0x08001bdf   Thumb Code     6  lib_str.o(.text)
    Str_Copy_N                               0x08001be5   Thumb Code    48  lib_str.o(.text)
    Str_Copy                                 0x08001c15   Thumb Code     6  lib_str.o(.text)
    Str_Cat_N                                0x08001c1b   Thumb Code    58  lib_str.o(.text)
    Str_Cat                                  0x08001c55   Thumb Code     6  lib_str.o(.text)
    Str_Cmp_N                                0x08001c5b   Thumb Code    86  lib_str.o(.text)
    Str_Cmp                                  0x08001cb1   Thumb Code     6  lib_str.o(.text)
    Str_CmpIgnoreCase_N                      0x08001cb7   Thumb Code   146  lib_str.o(.text)
    Str_CmpIgnoreCase                        0x08001d49   Thumb Code     6  lib_str.o(.text)
    Str_Char_N                               0x08001d4f   Thumb Code    46  lib_str.o(.text)
    Str_Char                                 0x08001d7d   Thumb Code     8  lib_str.o(.text)
    Str_Char_Last_N                          0x08001d85   Thumb Code    48  lib_str.o(.text)
    Str_Char_Last                            0x08001db5   Thumb Code     8  lib_str.o(.text)
    Str_Char_Replace_N                       0x08001dbd   Thumb Code    42  lib_str.o(.text)
    Str_Char_Replace                         0x08001de7   Thumb Code     6  lib_str.o(.text)
    Str_Str_N                                0x08001ded   Thumb Code   120  lib_str.o(.text)
    Str_Str                                  0x08001e65   Thumb Code     6  lib_str.o(.text)
    Str_FmtNbr_Int32U                        0x08001fbf   Thumb Code    26  lib_str.o(.text)
    Str_FmtNbr_Int32S                        0x08001fd9   Thumb Code    48  lib_str.o(.text)
    Str_ParseNbr_Int32U                      0x0800214b   Thumb Code    12  lib_str.o(.text)
    Str_ParseNbr_Int32S                      0x08002157   Thumb Code    42  lib_str.o(.text)
    Mem_Copy                                 0x08002185   Thumb Code     0  lib_mem_a.o(.text)
    OS_StrLen                                0x080023a5   Thumb Code    20  os_core.o(.text)
    OSEventNameGet                           0x080023b9   Thumb Code    74  os_core.o(.text)
    OSEventNameSet                           0x08002403   Thumb Code    58  os_core.o(.text)
    OS_EventTaskRemoveMulti                  0x0800243d   Thumb Code    52  os_core.o(.text)
    OS_Sched                                 0x08002471   Thumb Code    64  os_core.o(.text)
    OS_EventTaskWaitMulti                    0x080024b1   Thumb Code    96  os_core.o(.text)
    OSEventPendMulti                         0x08002511   Thumb Code   462  os_core.o(.text)
    OS_TaskStatStkChk                        0x080026df   Thumb Code    50  os_core.o(.text)
    OS_TaskStat                              0x08002711   Thumb Code    98  os_core.o(.text)
    OS_TaskIdle                              0x08002773   Thumb Code    22  os_core.o(.text)
    OS_MemClr                                0x08002789   Thumb Code    18  os_core.o(.text)
    OSInit                                   0x0800279b   Thumb Code   176  os_core.o(.text)
    OSIntEnter                               0x0800284b   Thumb Code    20  os_core.o(.text)
    OSIntExit                                0x0800285f   Thumb Code    84  os_core.o(.text)
    OSSchedLock                              0x080028b3   Thumb Code    38  os_core.o(.text)
    OSSchedUnlock                            0x080028d9   Thumb Code    52  os_core.o(.text)
    OSStart                                  0x0800290d   Thumb Code    40  os_core.o(.text)
    OSStatInit                               0x08002935   Thumb Code    48  os_core.o(.text)
    OSTimeTick                               0x08002965   Thumb Code   164  os_core.o(.text)
    OSVersion                                0x08002a09   Thumb Code     6  os_core.o(.text)
    OS_Dummy                                 0x08002a0f   Thumb Code     2  os_core.o(.text)
    OS_EventTaskRemove                       0x08002a11   Thumb Code    36  os_core.o(.text)
    OS_EventTaskRdy                          0x08002a35   Thumb Code   116  os_core.o(.text)
    OS_EventTaskWait                         0x08002aa9   Thumb Code    86  os_core.o(.text)
    OS_EventWaitListInit                     0x08002aff   Thumb Code    20  os_core.o(.text)
    OS_MemCopy                               0x08002b13   Thumb Code    20  os_core.o(.text)
    OS_TCBInit                               0x08002b27   Thumb Code   330  os_core.o(.text)
    OSFlagAccept                             0x08002d75   Thumb Code   164  os_flag.o(.text)
    OSFlagCreate                             0x08002e19   Thumb Code    68  os_flag.o(.text)
    OS_FlagUnlink                            0x08002e5d   Thumb Code    32  os_flag.o(.text)
    OSFlagDel                                0x08002ecd   Thumb Code   184  os_flag.o(.text)
    OSFlagNameGet                            0x08002f85   Thumb Code    72  os_flag.o(.text)
    OSFlagNameSet                            0x08002fcd   Thumb Code    50  os_flag.o(.text)
    OSFlagPend                               0x08003061   Thumb Code   366  os_flag.o(.text)
    OSFlagPendGetFlagsRdy                    0x080031cf   Thumb Code    20  os_flag.o(.text)
    OSFlagPost                               0x080031e3   Thumb Code   210  os_flag.o(.text)
    OSFlagQuery                              0x080032b5   Thumb Code    38  os_flag.o(.text)
    OS_FlagInit                              0x080032db   Thumb Code    66  os_flag.o(.text)
    OSMemCreate                              0x08003325   Thumb Code    92  os_mem.o(.text)
    OSMemGet                                 0x08003381   Thumb Code    48  os_mem.o(.text)
    OSMemNameGet                             0x080033b1   Thumb Code    56  os_mem.o(.text)
    OSMemNameSet                             0x080033e9   Thumb Code    36  os_mem.o(.text)
    OSMemPut                                 0x0800340d   Thumb Code    46  os_mem.o(.text)
    OSMemQuery                               0x0800343b   Thumb Code    46  os_mem.o(.text)
    OS_MemInit                               0x08003469   Thumb Code    62  os_mem.o(.text)
    OSQAccept                                0x080034b9   Thumb Code    78  os_q.o(.text)
    OSQCreate                                0x08003507   Thumb Code   114  os_q.o(.text)
    OSQDel                                   0x08003579   Thumb Code   222  os_q.o(.text)
    OSQFlush                                 0x08003657   Thumb Code    32  os_q.o(.text)
    OSQPend                                  0x08003677   Thumb Code   208  os_q.o(.text)
    OSQPendAbort                             0x08003747   Thumb Code   108  os_q.o(.text)
    OSQPost                                  0x080037b3   Thumb Code   106  os_q.o(.text)
    OSQPostFront                             0x0800381d   Thumb Code   104  os_q.o(.text)
    OSQPostOpt                               0x08003885   Thumb Code   186  os_q.o(.text)
    OSQQuery                                 0x0800393f   Thumb Code    82  os_q.o(.text)
    OS_QInit                                 0x08003991   Thumb Code    58  os_q.o(.text)
    OSSemAccept                              0x080039d5   Thumb Code    34  os_sem.o(.text)
    OSSemCreate                              0x080039f7   Thumb Code    58  os_sem.o(.text)
    OSSemDel                                 0x08003a31   Thumb Code   192  os_sem.o(.text)
    OSSemPend                                0x08003af1   Thumb Code   172  os_sem.o(.text)
    OSSemPendAbort                           0x08003b9d   Thumb Code   110  os_sem.o(.text)
    OSSemPost                                0x08003c0b   Thumb Code    82  os_sem.o(.text)
    OSSemQuery                               0x08003c5d   Thumb Code    64  os_sem.o(.text)
    OSSemSet                                 0x08003c9d   Thumb Code    52  os_sem.o(.text)
    OSTaskChangePrio                         0x08003ce5   Thumb Code   332  os_task.o(.text)
    OSTaskCreate                             0x08003e31   Thumb Code   124  os_task.o(.text)
    OS_TaskStkClr                            0x08003ead   Thumb Code    22  os_task.o(.text)
    OSTaskCreateExt                          0x08003ec3   Thumb Code   158  os_task.o(.text)
    OSTaskDel                                0x08003f61   Thumb Code   280  os_task.o(.text)
    OSTaskDelReq                             0x08004079   Thumb Code   136  os_task.o(.text)
    OSTaskNameGet                            0x08004101   Thumb Code    92  os_task.o(.text)
    OSTaskNameSet                            0x0800415d   Thumb Code    76  os_task.o(.text)
    OSTaskResume                             0x080041a9   Thumb Code   136  os_task.o(.text)
    OSTaskStkChk                             0x08004231   Thumb Code   102  os_task.o(.text)
    OSTaskSuspend                            0x08004297   Thumb Code   136  os_task.o(.text)
    OSTaskQuery                              0x0800431f   Thumb Code    74  os_task.o(.text)
    OSTaskRegGet                             0x08004369   Thumb Code    50  os_task.o(.text)
    OSTaskRegGetID                           0x0800439b   Thumb Code    40  os_task.o(.text)
    OSTaskRegSet                             0x080043c3   Thumb Code    52  os_task.o(.text)
    OS_TaskReturn                            0x080043f7   Thumb Code    18  os_task.o(.text)
    OSTimeDly                                0x08004425   Thumb Code    88  os_time.o(.text)
    OSTimeDlyHMSM                            0x0800447d   Thumb Code    70  os_time.o(.text)
    OSTimeDlyResume                          0x080044c3   Thumb Code   148  os_time.o(.text)
    OSTimeGet                                0x08004557   Thumb Code    18  os_time.o(.text)
    OSTimeSet                                0x08004569   Thumb Code    20  os_time.o(.text)
    OSTmrCreate                              0x08004599   Thumb Code   136  os_tmr.o(.text)
    OSTmrDel                                 0x0800468d   Thumb Code    94  os_tmr.o(.text)
    OSTmrNameGet                             0x080046eb   Thumb Code    94  os_tmr.o(.text)
    OSTmrRemainGet                           0x08004749   Thumb Code   126  os_tmr.o(.text)
    OSTmrStateGet                            0x080047c7   Thumb Code    68  os_tmr.o(.text)
    OSTmrStart                               0x0800484b   Thumb Code    96  os_tmr.o(.text)
    OSTmrStop                                0x080048ab   Thumb Code   142  os_tmr.o(.text)
    OSTmrSignal                              0x08004939   Thumb Code     8  os_tmr.o(.text)
    OSTmr_Init                               0x080049cb   Thumb Code   200  os_tmr.o(.text)
    OS_CPU_SR_Save                           0x08004af5   Thumb Code     0  os_cpu_a.o(.text)
    OS_CPU_SR_Restore                        0x08004afd   Thumb Code     0  os_cpu_a.o(.text)
    OSStartHighRdy                           0x08004b03   Thumb Code     0  os_cpu_a.o(.text)
    OSCtxSw                                  0x08004b2b   Thumb Code     0  os_cpu_a.o(.text)
    OSIntCtxSw                               0x08004b35   Thumb Code     0  os_cpu_a.o(.text)
    OS_CPU_PendSVHandler                     0x08004b3f   Thumb Code     0  os_cpu_a.o(.text)
    OSInitHookBegin                          0x08004ba5   Thumb Code    26  os_cpu_c.o(.text)
    OSInitHookEnd                            0x08004bbf   Thumb Code     2  os_cpu_c.o(.text)
    OSTaskCreateHook                         0x08004bc1   Thumb Code     4  os_cpu_c.o(.text)
    OSTaskDelHook                            0x08004bc5   Thumb Code     4  os_cpu_c.o(.text)
    OSTaskIdleHook                           0x08004bc9   Thumb Code     4  os_cpu_c.o(.text)
    OSTaskReturnHook                         0x08004bcd   Thumb Code     4  os_cpu_c.o(.text)
    OSTaskStatHook                           0x08004bd1   Thumb Code     4  os_cpu_c.o(.text)
    OSTaskStkInit                            0x08004bd5   Thumb Code   102  os_cpu_c.o(.text)
    OSTaskSwHook                             0x08004c3b   Thumb Code     4  os_cpu_c.o(.text)
    OSTCBInitHook                            0x08004c3f   Thumb Code     4  os_cpu_c.o(.text)
    OSTimeTickHook                           0x08004c43   Thumb Code    34  os_cpu_c.o(.text)
    OS_CPU_SysTickHandler                    0x08004c65   Thumb Code    30  os_cpu_c.o(.text)
    OS_CPU_SysTickInit                       0x08004c83   Thumb Code    36  os_cpu_c.o(.text)
    OSDebugInit                              0x08004cc1   Thumb Code     2  os_dbg.o(.text)
    SerialLine_TTY_EchoRx                    0x08005121   Thumb Code    32  serial_line_tty.o(.text)
    SerialLine_TTY_EchoTx                    0x08005141   Thumb Code    32  serial_line_tty.o(.text)
    SerialOS_Init                            0x08005251   Thumb Code    42  serial_os.o(.text)
    SerialOS_SemCreate                       0x0800527b   Thumb Code    54  serial_os.o(.text)
    SerialOS_SemDel                          0x080052b1   Thumb Code    44  serial_os.o(.text)
    SerialOS_SemWait                         0x080052dd   Thumb Code    56  serial_os.o(.text)
    SerialOS_SemTryLock                      0x08005315   Thumb Code    14  serial_os.o(.text)
    SerialOS_SemSignal                       0x08005323   Thumb Code    16  serial_os.o(.text)
    Serial_Init                              0x0800533d   Thumb Code    84  serial.o(.text)
    Serial_DevDrvAdd                         0x08005391   Thumb Code   408  serial.o(.text)
    Serial_SetLineDrv                        0x0800555d   Thumb Code   130  serial.o(.text)
    Serial_Open                              0x080055df   Thumb Code   216  serial.o(.text)
    Serial_Close                             0x080056b7   Thumb Code   316  serial.o(.text)
    Serial_Rd                                0x0800598d   Thumb Code   124  serial.o(.text)
    Serial_RdAsync                           0x08005a09   Thumb Code    40  serial.o(.text)
    Serial_WaitFor                           0x08005a31   Thumb Code   318  serial.o(.text)
    Serial_Wr                                0x08005d0b   Thumb Code   176  serial.o(.text)
    Serial_WrAsync                           0x08005dbb   Thumb Code   100  serial.o(.text)
    SerialIF_GetDevPtr                       0x08005e1f   Thumb Code    36  serial.o(.text)
    SerialIF_Rx                              0x08005e43   Thumb Code   324  serial.o(.text)
    SerialIF_Tx                              0x08005f87   Thumb Code   192  serial.o(.text)
    SerialIF_TxWrBuf                         0x08006047   Thumb Code    64  serial.o(.text)
    SerialBuf_Init                           0x080061a5   Thumb Code    20  serial_buf.o(.text)
    SerialBuf_Clr                            0x080061b9   Thumb Code    10  serial_buf.o(.text)
    SerialBuf_Rd                             0x080061c3   Thumb Code   126  serial_buf.o(.text)
    SerialBuf_RdOctet                        0x08006241   Thumb Code    60  serial_buf.o(.text)
    SerialBuf_WrOctet                        0x0800627d   Thumb Code    56  serial_buf.o(.text)
    SerialBuf_IsFull                         0x080062b5   Thumb Code    12  serial_buf.o(.text)
    SerialBuf_Cmp                            0x080062c1   Thumb Code    68  serial_buf.o(.text)
    SerialBuf_IsEmpty                        0x08006305   Thumb Code    14  serial_buf.o(.text)
    SerialBuf_Size                           0x08006313   Thumb Code     4  serial_buf.o(.text)
    SerialBuf_DataLen                        0x08006317   Thumb Code     8  serial_buf.o(.text)
    FLASH_SetLatency                         0x08006321   Thumb Code     6  stm32f4xx_flash.o(.text)
    FLASH_PrefetchBufferCmd                  0x08006327   Thumb Code    22  stm32f4xx_flash.o(.text)
    FLASH_InstructionCacheCmd                0x0800633d   Thumb Code    22  stm32f4xx_flash.o(.text)
    FLASH_DataCacheCmd                       0x08006353   Thumb Code    22  stm32f4xx_flash.o(.text)
    FLASH_InstructionCacheReset              0x08006369   Thumb Code    12  stm32f4xx_flash.o(.text)
    FLASH_DataCacheReset                     0x08006375   Thumb Code    12  stm32f4xx_flash.o(.text)
    FLASH_Unlock                             0x08006381   Thumb Code    24  stm32f4xx_flash.o(.text)
    FLASH_Lock                               0x08006399   Thumb Code    14  stm32f4xx_flash.o(.text)
    FLASH_GetStatus                          0x080063a7   Thumb Code    48  stm32f4xx_flash.o(.text)
    FLASH_WaitForLastOperation               0x080063d7   Thumb Code    12  stm32f4xx_flash.o(.text)
    FLASH_EraseSector                        0x080063e3   Thumb Code   110  stm32f4xx_flash.o(.text)
    FLASH_EraseAllSectors                    0x08006451   Thumb Code    92  stm32f4xx_flash.o(.text)
    FLASH_ProgramDoubleWord                  0x080064ad   Thumb Code    62  stm32f4xx_flash.o(.text)
    FLASH_ProgramWord                        0x080064eb   Thumb Code    60  stm32f4xx_flash.o(.text)
    FLASH_ProgramHalfWord                    0x08006527   Thumb Code    60  stm32f4xx_flash.o(.text)
    FLASH_ProgramByte                        0x08006563   Thumb Code    56  stm32f4xx_flash.o(.text)
    FLASH_OB_Unlock                          0x0800659b   Thumb Code    24  stm32f4xx_flash.o(.text)
    FLASH_OB_Lock                            0x080065b3   Thumb Code    14  stm32f4xx_flash.o(.text)
    FLASH_OB_WRPConfig                       0x080065c1   Thumb Code    32  stm32f4xx_flash.o(.text)
    FLASH_OB_RDPConfig                       0x080065e1   Thumb Code    20  stm32f4xx_flash.o(.text)
    FLASH_OB_UserConfig                      0x080065f5   Thumb Code    38  stm32f4xx_flash.o(.text)
    FLASH_OB_BORConfig                       0x0800661b   Thumb Code    20  stm32f4xx_flash.o(.text)
    FLASH_OB_Launch                          0x0800662f   Thumb Code    14  stm32f4xx_flash.o(.text)
    FLASH_OB_GetUser                         0x0800663d   Thumb Code    12  stm32f4xx_flash.o(.text)
    FLASH_OB_GetWRP                          0x08006649   Thumb Code     8  stm32f4xx_flash.o(.text)
    FLASH_OB_GetRDP                          0x08006651   Thumb Code    16  stm32f4xx_flash.o(.text)
    FLASH_OB_GetBOR                          0x08006661   Thumb Code    12  stm32f4xx_flash.o(.text)
    FLASH_ITConfig                           0x0800666d   Thumb Code    20  stm32f4xx_flash.o(.text)
    FLASH_GetFlagStatus                      0x08006681   Thumb Code    18  stm32f4xx_flash.o(.text)
    FLASH_ClearFlag                          0x08006693   Thumb Code     8  stm32f4xx_flash.o(.text)
    GPIO_DeInit                              0x080066b1   Thumb Code   192  stm32f4xx_gpio.o(.text)
    GPIO_Init                                0x08006771   Thumb Code   122  stm32f4xx_gpio.o(.text)
    GPIO_StructInit                          0x080067eb   Thumb Code    18  stm32f4xx_gpio.o(.text)
    GPIO_PinLockConfig                       0x080067fd   Thumb Code    16  stm32f4xx_gpio.o(.text)
    GPIO_ReadInputDataBit                    0x0800680d   Thumb Code    14  stm32f4xx_gpio.o(.text)
    GPIO_ReadInputData                       0x0800681b   Thumb Code     6  stm32f4xx_gpio.o(.text)
    GPIO_ReadOutputDataBit                   0x08006821   Thumb Code    14  stm32f4xx_gpio.o(.text)
    GPIO_ReadOutputData                      0x0800682f   Thumb Code     6  stm32f4xx_gpio.o(.text)
    GPIO_SetBits                             0x08006835   Thumb Code     4  stm32f4xx_gpio.o(.text)
    GPIO_ResetBits                           0x08006839   Thumb Code     4  stm32f4xx_gpio.o(.text)
    GPIO_WriteBit                            0x0800683d   Thumb Code    10  stm32f4xx_gpio.o(.text)
    GPIO_Write                               0x08006847   Thumb Code     4  stm32f4xx_gpio.o(.text)
    GPIO_ToggleBits                          0x0800684b   Thumb Code     8  stm32f4xx_gpio.o(.text)
    GPIO_PinAFConfig                         0x08006853   Thumb Code    32  stm32f4xx_gpio.o(.text)
    RCC_DeInit                               0x08006899   Thumb Code    48  stm32f4xx_rcc.o(.text)
    RCC_HSEConfig                            0x080068c9   Thumb Code    12  stm32f4xx_rcc.o(.text)
    RCC_GetFlagStatus                        0x080068d5   Thumb Code    46  stm32f4xx_rcc.o(.text)
    RCC_WaitForHSEStartUp                    0x08006903   Thumb Code    42  stm32f4xx_rcc.o(.text)
    RCC_AdjustHSICalibrationValue            0x0800692d   Thumb Code    16  stm32f4xx_rcc.o(.text)
    RCC_HSICmd                               0x0800693d   Thumb Code     6  stm32f4xx_rcc.o(.text)
    RCC_LSEConfig                            0x08006943   Thumb Code    24  stm32f4xx_rcc.o(.text)
    RCC_LSICmd                               0x0800695b   Thumb Code     6  stm32f4xx_rcc.o(.text)
    RCC_PLLConfig                            0x08006961   Thumb Code    32  stm32f4xx_rcc.o(.text)
    RCC_PLLCmd                               0x08006981   Thumb Code     6  stm32f4xx_rcc.o(.text)
    RCC_PLLI2SConfig                         0x08006987   Thumb Code    14  stm32f4xx_rcc.o(.text)
    RCC_PLLI2SCmd                            0x08006995   Thumb Code     6  stm32f4xx_rcc.o(.text)
    RCC_ClockSecuritySystemCmd               0x0800699b   Thumb Code     6  stm32f4xx_rcc.o(.text)
    RCC_MCO1Config                           0x080069a1   Thumb Code    18  stm32f4xx_rcc.o(.text)
    RCC_MCO2Config                           0x080069b3   Thumb Code    18  stm32f4xx_rcc.o(.text)
    RCC_SYSCLKConfig                         0x080069c5   Thumb Code    16  stm32f4xx_rcc.o(.text)
    RCC_GetSYSCLKSource                      0x080069d5   Thumb Code    12  stm32f4xx_rcc.o(.text)
    RCC_HCLKConfig                           0x080069e1   Thumb Code    16  stm32f4xx_rcc.o(.text)
    RCC_PCLK1Config                          0x080069f1   Thumb Code    16  stm32f4xx_rcc.o(.text)
    RCC_PCLK2Config                          0x08006a01   Thumb Code    18  stm32f4xx_rcc.o(.text)
    RCC_GetClocksFreq                        0x08006a13   Thumb Code   140  stm32f4xx_rcc.o(.text)
    RCC_RTCCLKConfig                         0x08006a9f   Thumb Code    42  stm32f4xx_rcc.o(.text)
    RCC_RTCCLKCmd                            0x08006ac9   Thumb Code     8  stm32f4xx_rcc.o(.text)
    RCC_BackupResetCmd                       0x08006ad1   Thumb Code     8  stm32f4xx_rcc.o(.text)
    RCC_I2SCLKConfig                         0x08006ad9   Thumb Code     6  stm32f4xx_rcc.o(.text)
    RCC_AHB1PeriphClockCmd                   0x08006adf   Thumb Code    20  stm32f4xx_rcc.o(.text)
    RCC_AHB2PeriphClockCmd                   0x08006af3   Thumb Code    20  stm32f4xx_rcc.o(.text)
    RCC_AHB3PeriphClockCmd                   0x08006b07   Thumb Code    20  stm32f4xx_rcc.o(.text)
    RCC_APB1PeriphClockCmd                   0x08006b1b   Thumb Code    20  stm32f4xx_rcc.o(.text)
    RCC_APB2PeriphClockCmd                   0x08006b2f   Thumb Code    20  stm32f4xx_rcc.o(.text)
    RCC_AHB1PeriphResetCmd                   0x08006b43   Thumb Code    20  stm32f4xx_rcc.o(.text)
    RCC_AHB2PeriphResetCmd                   0x08006b57   Thumb Code    20  stm32f4xx_rcc.o(.text)
    RCC_AHB3PeriphResetCmd                   0x08006b6b   Thumb Code    20  stm32f4xx_rcc.o(.text)
    RCC_APB1PeriphResetCmd                   0x08006b7f   Thumb Code    20  stm32f4xx_rcc.o(.text)
    RCC_APB2PeriphResetCmd                   0x08006b93   Thumb Code    20  stm32f4xx_rcc.o(.text)
    RCC_AHB1PeriphClockLPModeCmd             0x08006ba7   Thumb Code    20  stm32f4xx_rcc.o(.text)
    RCC_AHB2PeriphClockLPModeCmd             0x08006bbb   Thumb Code    20  stm32f4xx_rcc.o(.text)
    RCC_AHB3PeriphClockLPModeCmd             0x08006bcf   Thumb Code    20  stm32f4xx_rcc.o(.text)
    RCC_APB1PeriphClockLPModeCmd             0x08006be3   Thumb Code    20  stm32f4xx_rcc.o(.text)
    RCC_APB2PeriphClockLPModeCmd             0x08006bf7   Thumb Code    20  stm32f4xx_rcc.o(.text)
    RCC_ITConfig                             0x08006c0b   Thumb Code    20  stm32f4xx_rcc.o(.text)
    RCC_ClearFlag                            0x08006c1f   Thumb Code    14  stm32f4xx_rcc.o(.text)
    RCC_GetITStatus                          0x08006c2d   Thumb Code    18  stm32f4xx_rcc.o(.text)
    RCC_ClearITPendingBit                    0x08006c3f   Thumb Code     8  stm32f4xx_rcc.o(.text)
    __aeabi_uldivmod                         0x08006c75   Thumb Code    98  uldiv.o(.text)
    __aeabi_uidiv                            0x08006cd7   Thumb Code     0  uidiv.o(.text)
    __aeabi_uidivmod                         0x08006cd7   Thumb Code    44  uidiv.o(.text)
    __aeabi_llsl                             0x08006d03   Thumb Code    30  llshl.o(.text)
    _ll_shift_l                              0x08006d03   Thumb Code     0  llshl.o(.text)
    __aeabi_llsr                             0x08006d21   Thumb Code    32  llushr.o(.text)
    _ll_ushift_r                             0x08006d21   Thumb Code     0  llushr.o(.text)
    __I$use$fp                               0x08006d41   Thumb Code     0  iusefp.o(.text)
    __aeabi_dadd                             0x08006d41   Thumb Code   320  dadd.o(.text)
    __aeabi_dsub                             0x08006e81   Thumb Code     6  dadd.o(.text)
    __aeabi_drsub                            0x08006e87   Thumb Code     6  dadd.o(.text)
    __aeabi_dmul                             0x08006e8d   Thumb Code   224  dmul.o(.text)
    __aeabi_ddiv                             0x08006f6d   Thumb Code   222  ddiv.o(.text)
    __aeabi_d2ulz                            0x0800704b   Thumb Code    48  dfixul.o(.text)
    __aeabi_cdrcmple                         0x0800707d   Thumb Code    38  cdrcmple.o(.text)
    __scatterload                            0x080070a5   Thumb Code    28  init.o(.text)
    __scatterload_rt2                        0x080070a5   Thumb Code     0  init.o(.text)
    __aeabi_lasr                             0x080070c9   Thumb Code    36  llsshr.o(.text)
    _ll_sshift_r                             0x080070c9   Thumb Code     0  llsshr.o(.text)
    _double_round                            0x080070ed   Thumb Code    26  depilogue.o(.text)
    _double_epilogue                         0x08007107   Thumb Code   164  depilogue.o(.text)
    __0vsprintf                              0x080071ad   Thumb Code    28  printfa.o(i.__0vsprintf)
    __1vsprintf                              0x080071ad   Thumb Code     0  printfa.o(i.__0vsprintf)
    __2vsprintf                              0x080071ad   Thumb Code     0  printfa.o(i.__0vsprintf)
    __c89vsprintf                            0x080071ad   Thumb Code     0  printfa.o(i.__0vsprintf)
    vsprintf                                 0x080071ad   Thumb Code     0  printfa.o(i.__0vsprintf)
    __scatterload_copy                       0x080071cd   Thumb Code    14  handlers.o(i.__scatterload_copy)
    __scatterload_null                       0x080071db   Thumb Code     2  handlers.o(i.__scatterload_null)
    __scatterload_zeroinit                   0x080071dd   Thumb Code    14  handlers.o(i.__scatterload_zeroinit)
    OSUnMapTbl                               0x08007c38   Data         256  os_core.o(.constdata)
    SerialDrv_STM32_API                      0x08007d38   Data          40  serial_drv_stm32.o(.constdata)
    SerialLine_Dflt                          0x08007d74   Data          16  serial_line_dflt.o(.constdata)
    SerialLine_TTY                           0x08007d84   Data          16  serial_line_tty.o(.constdata)
    Region$$Table$$Base                      0x08007d94   Number         0  anon$$obj.o(Region$$Table)
    Region$$Table$$Limit                     0x08007db4   Number         0  anon$$obj.o(Region$$Table)
    CPU_TS_TmrFreq_Hz                        0x20000004   Data           4  cpu_core.o(.data)
    Math_RandSeedCur                         0x20000008   Data           4  lib_math.o(.data)
    Mem_PoolTbl                              0x2000000c   Data           4  lib_mem.o(.data)
    OSCPUUsage                               0x20000010   Data           1  os_core.o(.data)
    OSStatRdy                                0x20000011   Data           1  os_core.o(.data)
    OSIntNesting                             0x20000012   Data           1  os_core.o(.data)
    OSLockNesting                            0x20000013   Data           1  os_core.o(.data)
    OSPrioCur                                0x20000014   Data           1  os_core.o(.data)
    OSPrioHighRdy                            0x20000015   Data           1  os_core.o(.data)
    OSRdyGrp                                 0x20000016   Data           1  os_core.o(.data)
    OSRunning                                0x20000017   Data           1  os_core.o(.data)
    OSTaskCtr                                0x20000018   Data           1  os_core.o(.data)
    OSTickStepState                          0x20000019   Data           1  os_core.o(.data)
    OSTaskRegNextAvailID                     0x2000001a   Data           1  os_core.o(.data)
    OSCtxSwCtr                               0x2000001c   Data           4  os_core.o(.data)
    OSEventFreeList                          0x20000020   Data           4  os_core.o(.data)
    OSIdleCtrMax                             0x20000024   Data           4  os_core.o(.data)
    OSIdleCtrRun                             0x20000028   Data           4  os_core.o(.data)
    OSIdleCtr                                0x2000002c   Data           4  os_core.o(.data)
    OSTCBCur                                 0x20000030   Data           4  os_core.o(.data)
    OSTCBFreeList                            0x20000034   Data           4  os_core.o(.data)
    OSTCBHighRdy                             0x20000038   Data           4  os_core.o(.data)
    OSTCBList                                0x2000003c   Data           4  os_core.o(.data)
    OSTime                                   0x20000040   Data           4  os_core.o(.data)
    OSRdyTbl                                 0x20000044   Data           8  os_core.o(.data)
    OSFlagFreeList                           0x2000004c   Data           4  os_core.o(.data)
    OSMemFreeList                            0x20000050   Data           4  os_core.o(.data)
    OSQFreeList                              0x20000054   Data           4  os_core.o(.data)
    OSTmrFree                                0x20000058   Data           2  os_core.o(.data)
    OSTmrUsed                                0x2000005a   Data           2  os_core.o(.data)
    OSTmrTime                                0x2000005c   Data           4  os_core.o(.data)
    OSTmrSem                                 0x20000060   Data           4  os_core.o(.data)
    OSTmrSemSignal                           0x20000064   Data           4  os_core.o(.data)
    OSTmrFreeList                            0x20000068   Data           4  os_core.o(.data)
    OS_CPU_ExceptStkBase                     0x20000070   Data           4  os_cpu_c.o(.data)
    SerialDevCfg_STM32_USART3                0x20000074   Data          12  serial_bsp_stm3240x.o(.data)
    CPU_Name                                 0x200005fc   Data          16  cpu_core.o(.bss)
    Mem_PoolHeap                             0x2000060c   Data          72  lib_mem.o(.bss)
    Mem_Heap                                 0x20000654   Data       23552  lib_mem.o(.bss)
    OSEventTbl                               0x20006254   Data        1920  os_core.o(.bss)
    OSTaskStatStk                            0x200069d4   Data         512  os_core.o(.bss)
    OSTaskIdleStk                            0x20006bd4   Data         512  os_core.o(.bss)
    OSTCBPrioTbl                             0x20006dd4   Data         256  os_core.o(.bss)
    OSTCBTbl                                 0x20006ed4   Data        1936  os_core.o(.bss)
    OSFlagTbl                                0x20007664   Data          80  os_core.o(.bss)
    OSMemTbl                                 0x200076b4   Data         120  os_core.o(.bss)
    OSQTbl                                   0x2000772c   Data          96  os_core.o(.bss)
    OSTmrTbl                                 0x2000778c   Data         640  os_core.o(.bss)
    OSTmrTaskStk                             0x20007a0c   Data         512  os_core.o(.bss)
    OSTmrWheelTbl                            0x20007c0c   Data          64  os_core.o(.bss)
    OS_CPU_ExceptStk                         0x20007c4c   Data         512  os_cpu_c.o(.bss)
    __initial_sp                             0x20008258   Data           0  cstartup.o(STACK)



==============================================================================

Memory Map of the image

  Image Entry point : 0x08000189

  Load Region LR_IROM1 (Base: 0x08000000, Size: 0x00007e68, Max: 0x00100000, ABSOLUTE)

    Execution Region ER_IROM1 (Base: 0x08000000, Size: 0x00007db4, Max: 0x00100000, ABSOLUTE)

    Base Addr    Size         Type   Attr      Idx    E Section Name        Object

    0x08000000   0x00000188   Data   RO          357    RESET               cstartup.o
    0x08000188   0x00000000   Code   RO         1409  * .ARM.Collect$$$$00000000  mc_w.l(entry.o)
    0x08000188   0x00000004   Code   RO         1442    .ARM.Collect$$$$00000001  mc_w.l(entry2.o)
    0x0800018c   0x00000004   Code   RO         1445    .ARM.Collect$$$$00000004  mc_w.l(entry5.o)
    0x08000190   0x00000000   Code   RO         1447    .ARM.Collect$$$$00000008  mc_w.l(entry7b.o)
    0x08000190   0x00000008   Code   RO         1448    .ARM.Collect$$$$00000009  mc_w.l(entry8.o)
    0x08000198   0x00000004   Code   RO         1443    .ARM.Collect$$$$00002712  mc_w.l(entry2.o)
    0x0800019c   0x000000e0   Code   RO            2    .text               app.o
    0x0800027c   0x00000010   Code   RO          216    .text               app_hooks.o
    0x0800028c   0x000000ec   Code   RO          235    .text               app_serial.o
    0x08000378   0x000002ac   Code   RO          298    .text               bsp.o
    0x08000624   0x0000029c   Code   RO          321    .text               bsp_int.o
    0x080008c0   0x00000278   Code   RO          340    .text               bsp_periph.o
    0x08000b38   0x00000018   Code   RO          358    .text               cstartup.o
    0x08000b50   0x000001bc   Code   RO          381    .text               cpu_core.o
    0x08000d0c   0x00000034   Code   RO          402    .text               cpu_a.o
    0x08000d40   0x0000038c   Code   RO          405    .text               cpu_c.o
    0x080010cc   0x0000015a   Code   RO          417    .text               lib_ascii.o
    0x08001226   0x00000002   PAD
    0x08001228   0x00000050   Code   RO          433    .text               lib_math.o
    0x08001278   0x00000950   Code   RO          452    .text               lib_mem.o
    0x08001bc8   0x000005bc   Code   RO          471    .text               lib_str.o
    0x08002184   0x00000220   Code   RO          489    .text               lib_mem_a.o
    0x080023a4   0x000009d0   Code   RO          492    .text               os_core.o
    0x08002d74   0x000005b0   Code   RO          528    .text               os_flag.o
    0x08003324   0x00000194   Code   RO          553    .text               os_mem.o
    0x080034b8   0x0000051c   Code   RO          577    .text               os_q.o
    0x080039d4   0x00000310   Code   RO          589    .text               os_sem.o
    0x08003ce4   0x00000740   Code   RO          601    .text               os_task.o
    0x08004424   0x00000174   Code   RO          614    .text               os_time.o
    0x08004598   0x0000055c   Code   RO          626    .text               os_tmr.o
    0x08004af4   0x000000b0   Code   RO          638    .text               os_cpu_a.o
    0x08004ba4   0x0000011c   Code   RO          641    .text               os_cpu_c.o
    0x08004cc0   0x00000002   Code   RO          664    .text               os_dbg.o
    0x08004cc2   0x000001de   Code   RO          680    .text               serial_drv_stm32.o
    0x08004ea0   0x00000244   Code   RO          698    .text               serial_bsp_stm3240x.o
    0x080050e4   0x0000003c   Code   RO          788    .text               serial_line_dflt.o
    0x08005120   0x00000130   Code   RO          823    .text               serial_line_tty.o
    0x08005250   0x000000ec   Code   RO          842    .text               serial_os.o
    0x0800533c   0x00000e68   Code   RO          857    .text               serial.o
    0x080061a4   0x0000017a   Code   RO          882    .text               serial_buf.o
    0x0800631e   0x00000002   PAD
    0x08006320   0x00000390   Code   RO         1117    .text               stm32f4xx_flash.o
    0x080066b0   0x000001e8   Code   RO         1150    .text               stm32f4xx_gpio.o
    0x08006898   0x000003dc   Code   RO         1262    .text               stm32f4xx_rcc.o
    0x08006c74   0x00000062   Code   RO         1412    .text               mc_w.l(uldiv.o)
    0x08006cd6   0x0000002c   Code   RO         1452    .text               mc_w.l(uidiv.o)
    0x08006d02   0x0000001e   Code   RO         1454    .text               mc_w.l(llshl.o)
    0x08006d20   0x00000020   Code   RO         1456    .text               mc_w.l(llushr.o)
    0x08006d40   0x00000000   Code   RO         1458    .text               mc_w.l(iusefp.o)
    0x08006d40   0x0000014c   Code   RO         1459    .text               mf_w.l(dadd.o)
    0x08006e8c   0x000000e0   Code   RO         1461    .text               mf_w.l(dmul.o)
    0x08006f6c   0x000000de   Code   RO         1463    .text               mf_w.l(ddiv.o)
    0x0800704a   0x00000030   Code   RO         1465    .text               mf_w.l(dfixul.o)
    0x0800707a   0x00000002   PAD
    0x0800707c   0x00000028   Code   RO         1467    .text               mf_w.l(cdrcmple.o)
    0x080070a4   0x00000024   Code   RO         1469    .text               mc_w.l(init.o)
    0x080070c8   0x00000024   Code   RO         1472    .text               mc_w.l(llsshr.o)
    0x080070ec   0x000000be   Code   RO         1475    .text               mf_w.l(depilogue.o)
    0x080071aa   0x00000002   PAD
    0x080071ac   0x00000020   Code   RO         1421    i.__0vsprintf       mc_w.l(printfa.o)
    0x080071cc   0x0000000e   Code   RO         1479    i.__scatterload_copy  mc_w.l(handlers.o)
    0x080071da   0x00000002   Code   RO         1480    i.__scatterload_null  mc_w.l(handlers.o)
    0x080071dc   0x0000000e   Code   RO         1481    i.__scatterload_zeroinit  mc_w.l(handlers.o)
    0x080071ea   0x00000002   PAD
    0x080071ec   0x00000154   Code   RO         1422    i._fp_digits        mc_w.l(printfa.o)
    0x08007340   0x00000704   Code   RO         1423    i._printf_core      mc_w.l(printfa.o)
    0x08007a44   0x00000026   Code   RO         1424    i._printf_post_padding  mc_w.l(printfa.o)
    0x08007a6a   0x00000030   Code   RO         1425    i._printf_pre_padding  mc_w.l(printfa.o)
    0x08007a9a   0x0000000a   Code   RO         1427    i._sputc            mc_w.l(printfa.o)
    0x08007aa4   0x00000100   Data   RO          383    .constdata          cpu_core.o
    0x08007ba4   0x00000094   Data   RO          472    .constdata          lib_str.o
    0x08007c38   0x00000100   Data   RO          500    .constdata          os_core.o
    0x08007d38   0x00000028   Data   RO          681    .constdata          serial_drv_stm32.o
    0x08007d60   0x00000014   Data   RO          701    .constdata          serial_bsp_stm3240x.o
    0x08007d74   0x00000010   Data   RO          789    .constdata          serial_line_dflt.o
    0x08007d84   0x00000010   Data   RO          824    .constdata          serial_line_tty.o
    0x08007d94   0x00000020   Data   RO         1477    Region$$Table       anon$$obj.o


    Execution Region RW_IRAM1 (Base: 0x20000000, Size: 0x00008258, Max: 0x00020000, ABSOLUTE)

    Base Addr    Size         Type   Attr      Idx    E Section Name        Object

    0x20000000   0x00000001   Data   RW          236    .data               app_serial.o
    0x20000001   0x00000003   PAD
    0x20000004   0x00000004   Data   RW          384    .data               cpu_core.o
    0x20000008   0x00000004   Data   RW          434    .data               lib_math.o
    0x2000000c   0x00000004   Data   RW          454    .data               lib_mem.o
    0x20000010   0x0000003c   Data   RW          501    .data               os_core.o
    0x2000004c   0x00000004   Data   RW          502    .data               os_core.o
    0x20000050   0x00000004   Data   RW          503    .data               os_core.o
    0x20000054   0x00000004   Data   RW          504    .data               os_core.o
    0x20000058   0x00000002   Data   RW          505    .data               os_core.o
    0x2000005a   0x00000002   Data   RW          506    .data               os_core.o
    0x2000005c   0x00000004   Data   RW          507    .data               os_core.o
    0x20000060   0x00000004   Data   RW          508    .data               os_core.o
    0x20000064   0x00000004   Data   RW          509    .data               os_core.o
    0x20000068   0x00000004   Data   RW          510    .data               os_core.o
    0x2000006c   0x00000008   Data   RW          643    .data               os_cpu_c.o
    0x20000074   0x0000000c   Data   RW          707    .data               serial_bsp_stm3240x.o
    0x20000080   0x00000018   Data   RW          711    .data               serial_bsp_stm3240x.o
    0x20000098   0x00000004   Data   RW          825    .data               serial_line_tty.o
    0x2000009c   0x00000004   Data   RW          844    .data               serial_os.o
    0x200000a0   0x00000001   Data   RW          859    .data               serial.o
    0x200000a1   0x00000010   Data   RW         1263    .data               stm32f4xx_rcc.o
    0x200000b1   0x00000003   PAD
    0x200000b4   0x00000400   Zero   RW            3    .bss                app.o
    0x200004b4   0x00000148   Zero   RW          322    .bss                bsp_int.o
    0x200005fc   0x00000010   Zero   RW          382    .bss                cpu_core.o
    0x2000060c   0x00005c48   Zero   RW          453    .bss                lib_mem.o
    0x20006254   0x00001410   Zero   RW          493    .bss                os_core.o
    0x20007664   0x00000050   Zero   RW          494    .bss                os_core.o
    0x200076b4   0x00000078   Zero   RW          495    .bss                os_core.o
    0x2000772c   0x00000060   Zero   RW          496    .bss                os_core.o
    0x2000778c   0x00000280   Zero   RW          497    .bss                os_core.o
    0x20007a0c   0x00000200   Zero   RW          498    .bss                os_core.o
    0x20007c0c   0x00000040   Zero   RW          499    .bss                os_core.o
    0x20007c4c   0x00000200   Zero   RW          642    .bss                os_cpu_c.o
    0x20007e4c   0x00000028   Zero   RW          843    .bss                serial_os.o
    0x20007e74   0x000001e0   Zero   RW          858    .bss                serial.o
    0x20008054   0x00000004   PAD
    0x20008058   0x00000200   Zero   RW          355    STACK               cstartup.o


==============================================================================

Image component sizes


      Code (inc. data)   RO Data    RW Data    ZI Data      Debug   Object Name

       224         88          0          0       1024     283696   app.o
        16          0          0          0          0       1406   app_hooks.o
       236         26          0          1          0      14877   app_serial.o
       684         44          0          0          0       3790   bsp.o
       668         10          0          0        328      11762   bsp_int.o
       632        240          0          0          0       1442   bsp_periph.o
        52          0          0          0          0        376   cpu_a.o
       908         78          0          0          0       3593   cpu_c.o
       444         12        256          4         16       6698   cpu_core.o
        24          6        392          0        512        728   cstartup.o
       346          0          0          0          0       4542   lib_ascii.o
        80         10          0          4          0       2534   lib_math.o
      2384         40          0          4      23624      25252   lib_mem.o
       544          0          0          0          0        520   lib_mem_a.o
      1468          4        148          0          0      12536   lib_str.o
      2512         86        256         92       6648      20430   os_core.o
       176         36          0          0          0        444   os_cpu_a.o
       284         26          0          8        512      12911   os_cpu_c.o
         2          0          0          0          0        606   os_dbg.o
      1456         38          0          0          0       7658   os_flag.o
       404         18          0          0          0       3460   os_mem.o
      1308         34          0          0          0       6221   os_q.o
       784         20          0          0          0       4418   os_sem.o
      1856         74          0          0          0       9154   os_task.o
       372         28          0          0          0       1990   os_time.o
      1372        130          0          0          0       6149   os_tmr.o
      3688         32          0          1        480      22263   serial.o
       580         32         20         36          0      14602   serial_bsp_stm3240x.o
       378          0          0          0          0       5008   serial_buf.o
       478          0         40          0          0       4862   serial_drv_stm32.o
        60          0         16          0          0       2154   serial_line_dflt.o
       304          8         16          4          0       3435   serial_line_tty.o
       236         10          0          4         40       3003   serial_os.o
       912         22          0          0          0       7583   stm32f4xx_flash.o
       488         38          0          0          0       4569   stm32f4xx_gpio.o
       988         46          0         16          0      11663   stm32f4xx_rcc.o

    ----------------------------------------------------------------------
     27352       1236       1176        180      33188     526335   Object Totals
         0          0         32          0          0          0   (incl. Generated)
         4          0          0          6          4          0   (incl. Padding)

    ----------------------------------------------------------------------

      Code (inc. data)   RO Data    RW Data    ZI Data      Debug   Library Member Name

         0          0          0          0          0          0   entry.o
         8          4          0          0          0          0   entry2.o
         4          0          0          0          0          0   entry5.o
         0          0          0          0          0          0   entry7b.o
         8          4          0          0          0          0   entry8.o
        30          0          0          0          0          0   handlers.o
        36          8          0          0          0         68   init.o
         0          0          0          0          0          0   iusefp.o
        30          0          0          0          0         68   llshl.o
        36          0          0          0          0         68   llsshr.o
        32          0          0          0          0         68   llushr.o
      2264         82          0          0          0        508   printfa.o
        44          0          0          0          0         80   uidiv.o
        98          0          0          0          0         92   uldiv.o
        40          2          0          0          0         68   cdrcmple.o
       332          0          0          0          0        148   dadd.o
       222          0          0          0          0        100   ddiv.o
       190          0          0          0          0        176   depilogue.o
        48          0          0          0          0         68   dfixul.o
       224          0          0          0          0         96   dmul.o

    ----------------------------------------------------------------------
      3652        100          0          0          0       1608   Library Totals
         6          0          0          0          0          0   (incl. Padding)

    ----------------------------------------------------------------------

      Code (inc. data)   RO Data    RW Data    ZI Data      Debug   Library Name

      2590         98          0          0          0        952   mc_w.l
      1056          2          0          0          0        656   mf_w.l

    ----------------------------------------------------------------------
      3652        100          0          0          0       1608   Library Totals

    ----------------------------------------------------------------------

==============================================================================


      Code (inc. data)   RO Data    RW Data    ZI Data      Debug   

     31004       1336       1176        180      33188     520311   Grand Totals
     31004       1336       1176        180      33188     520311   ELF Image Totals
     31004       1336       1176        180          0          0   ROM Totals

==============================================================================

    Total RO  Size (Code + RO Data)                32180 (  31.43kB)
    Total RW  Size (RW Data + ZI Data)             33368 (  32.59kB)
    Total ROM Size (Code + RO Data + RW Data)      32360 (  31.60kB)

==============================================================================

